schema {
  query: Query
}

interface IPolymorphicCategory {
  id: ID!
  createdAt: DateTime!
  updatedAt: DateTime
  version: Long!
  title: String!
}

interface IPolymorphicTechnologyCategory {
  id: ID!
  createdAt: DateTime!
  updatedAt: DateTime
  version: Long!
  title: String!
  href: URL
}

"The node interface is implemented by entities that have a global unique identifier."
interface Node {
  id: ID!
}

"A connection to a list of items."
type AssociatedCategoriesConnection {
  "Information to aid in pagination."
  pageInfo: PageInfo!
  "A list of edges."
  edges: [AssociatedCategoriesEdge!]
  "A flattened list of the nodes."
  nodes: [IPolymorphicCategory!]
}

"An edge in a connection."
type AssociatedCategoriesEdge {
  "A cursor for use in pagination."
  cursor: String!
  "The item at the end of the edge."
  node: IPolymorphicCategory!
}

"A connection to a list of items."
type CategoriesConnection {
  "Information to aid in pagination."
  pageInfo: PageInfo!
  "A list of edges."
  edges: [CategoriesEdge!]
  "A flattened list of the nodes."
  nodes: [IPolymorphicCategory!]
}

"An edge in a connection."
type CategoriesEdge {
  "A cursor for use in pagination."
  cursor: String!
  "The item at the end of the edge."
  node: IPolymorphicCategory!
}

"A connection to a list of items."
type InformationTechnologyCategoriesConnection {
  "Information to aid in pagination."
  pageInfo: PageInfo!
  "A list of edges."
  edges: [InformationTechnologyCategoriesEdge!]
  "A flattened list of the nodes."
  nodes: [InformationTechnologyCategory!]
}

"An edge in a connection."
type InformationTechnologyCategoriesEdge {
  "A cursor for use in pagination."
  cursor: String!
  "The item at the end of the edge."
  node: InformationTechnologyCategory!
}

type InformationTechnologyCategory implements IPolymorphicCategory & IPolymorphicTechnologyCategory & Node {
  href: URL
  title: String!
  id: ID!
  createdAt: DateTime!
  updatedAt: DateTime
  version: Long!
}

"A connection to a list of items."
type OtherCategoriesConnection {
  "Information to aid in pagination."
  pageInfo: PageInfo!
  "A list of edges."
  edges: [OtherCategoriesEdge!]
  "A flattened list of the nodes."
  nodes: [OtherCategory!]
}

"An edge in a connection."
type OtherCategoriesEdge {
  "A cursor for use in pagination."
  cursor: String!
  "The item at the end of the edge."
  node: OtherCategory!
}

type OtherCategory implements IPolymorphicCategory & Node {
  title: String!
  id: ID!
  createdAt: DateTime!
  updatedAt: DateTime
  version: Long!
}

"Information about pagination in a connection."
type PageInfo {
  "Indicates whether more edges exist following the set defined by the clients arguments."
  hasNextPage: Boolean!
  "Indicates whether more edges exist prior the set defined by the clients arguments."
  hasPreviousPage: Boolean!
  "When paginating backwards, the cursor to continue."
  startCursor: String
  "When paginating forwards, the cursor to continue."
  endCursor: String
}

"A connection to a list of items."
type PortfolioCategoriesConnection {
  "Information to aid in pagination."
  pageInfo: PageInfo!
  "A list of edges."
  edges: [PortfolioCategoriesEdge!]
  "A flattened list of the nodes."
  nodes: [PortfolioCategory!]
}

"An edge in a connection."
type PortfolioCategoriesEdge {
  "A cursor for use in pagination."
  cursor: String!
  "The item at the end of the edge."
  node: PortfolioCategory!
}

type PortfolioCategory implements IPolymorphicCategory & Node {
  title: String!
  id: ID!
  createdAt: DateTime!
  updatedAt: DateTime
  version: Long!
}

type Query {
  "Fetches an object given its ID."
  node("ID of the object." id: ID!): Node
  "Lookup nodes by a list of IDs."
  nodes("The list of node IDs." ids: [ID!]!): [Node]!
  categories("Returns the first _n_ elements from the list." first: Int "Returns the elements in the list that come after the specified cursor." after: String "Returns the last _n_ elements from the list." last: Int "Returns the elements in the list that come before the specified cursor." before: String order: [IPolymorphicCategorySortInput!] where: IPolymorphicCategoryFilterInput): CategoriesConnection
  unknownCategories("Returns the first _n_ elements from the list." first: Int "Returns the elements in the list that come after the specified cursor." after: String "Returns the last _n_ elements from the list." last: Int "Returns the elements in the list that come before the specified cursor." before: String order: [UnknownCategorySortInput!] where: UnknownCategoryFilterInput): UnknownCategoriesConnection
  unknownCategoryById(id: ID!): UnknownCategory
  portfolioCategories("Returns the first _n_ elements from the list." first: Int "Returns the elements in the list that come after the specified cursor." after: String "Returns the last _n_ elements from the list." last: Int "Returns the elements in the list that come before the specified cursor." before: String order: [PortfolioCategorySortInput!] where: PortfolioCategoryFilterInput): PortfolioCategoriesConnection
  portfolioCategoryById(id: ID!): PortfolioCategory
  resumeCategories("Returns the first _n_ elements from the list." first: Int "Returns the elements in the list that come after the specified cursor." after: String "Returns the last _n_ elements from the list." last: Int "Returns the elements in the list that come before the specified cursor." before: String order: [ResumeCategorySortInput!] where: ResumeCategoryFilterInput): ResumeCategoriesConnection
  resumeCategoryById(id: ID!): ResumeCategory
  softwareDevelopmentCategories("Returns the first _n_ elements from the list." first: Int "Returns the elements in the list that come after the specified cursor." after: String "Returns the last _n_ elements from the list." last: Int "Returns the elements in the list that come before the specified cursor." before: String order: [SoftwareDevelopmentCategorySortInput!] where: SoftwareDevelopmentCategoryFilterInput): SoftwareDevelopmentCategoriesConnection
  softwareDevelopmentCategoryById(id: ID!): SoftwareDevelopmentCategory
  informationTechnologyCategories("Returns the first _n_ elements from the list." first: Int "Returns the elements in the list that come after the specified cursor." after: String "Returns the last _n_ elements from the list." last: Int "Returns the elements in the list that come before the specified cursor." before: String order: [InformationTechnologyCategorySortInput!] where: InformationTechnologyCategoryFilterInput): InformationTechnologyCategoriesConnection
  informationTechnologyCategoryById(id: ID!): InformationTechnologyCategory
  technologyCategories("Returns the first _n_ elements from the list." first: Int "Returns the elements in the list that come after the specified cursor." after: String "Returns the last _n_ elements from the list." last: Int "Returns the elements in the list that come before the specified cursor." before: String order: [IPolymorphicTechnologyCategorySortInput!] where: IPolymorphicTechnologyCategoryFilterInput): TechnologyCategoriesConnection
  otherCategories("Returns the first _n_ elements from the list." first: Int "Returns the elements in the list that come after the specified cursor." after: String "Returns the last _n_ elements from the list." last: Int "Returns the elements in the list that come before the specified cursor." before: String order: [OtherCategorySortInput!] where: OtherCategoryFilterInput): OtherCategoriesConnection
  otherCategoryById(id: ID!): OtherCategory
}

"A connection to a list of items."
type ResumeCategoriesConnection {
  "Information to aid in pagination."
  pageInfo: PageInfo!
  "A list of edges."
  edges: [ResumeCategoriesEdge!]
  "A flattened list of the nodes."
  nodes: [ResumeCategory!]
}

"An edge in a connection."
type ResumeCategoriesEdge {
  "A cursor for use in pagination."
  cursor: String!
  "The item at the end of the edge."
  node: ResumeCategory!
}

type ResumeCategory implements IPolymorphicCategory & Node {
  associatedCategoryTypes: [CategoryType!]!
  title: String!
  id: ID!
  createdAt: DateTime!
  updatedAt: DateTime
  version: Long!
  associatedCategories("Returns the first _n_ elements from the list." first: Int "Returns the elements in the list that come after the specified cursor." after: String "Returns the last _n_ elements from the list." last: Int "Returns the elements in the list that come before the specified cursor." before: String where: IPolymorphicCategoryFilterInput order: [IPolymorphicCategorySortInput!]): AssociatedCategoriesConnection
}

"A connection to a list of items."
type SoftwareDevelopmentCategoriesConnection {
  "Information to aid in pagination."
  pageInfo: PageInfo!
  "A list of edges."
  edges: [SoftwareDevelopmentCategoriesEdge!]
  "A flattened list of the nodes."
  nodes: [SoftwareDevelopmentCategory!]
}

"An edge in a connection."
type SoftwareDevelopmentCategoriesEdge {
  "A cursor for use in pagination."
  cursor: String!
  "The item at the end of the edge."
  node: SoftwareDevelopmentCategory!
}

type SoftwareDevelopmentCategory implements IPolymorphicCategory & IPolymorphicTechnologyCategory & Node {
  href: URL
  title: String!
  id: ID!
  createdAt: DateTime!
  updatedAt: DateTime
  version: Long!
}

"A connection to a list of items."
type TechnologyCategoriesConnection {
  "Information to aid in pagination."
  pageInfo: PageInfo!
  "A list of edges."
  edges: [TechnologyCategoriesEdge!]
  "A flattened list of the nodes."
  nodes: [IPolymorphicTechnologyCategory!]
}

"An edge in a connection."
type TechnologyCategoriesEdge {
  "A cursor for use in pagination."
  cursor: String!
  "The item at the end of the edge."
  node: IPolymorphicTechnologyCategory!
}

"A connection to a list of items."
type UnknownCategoriesConnection {
  "Information to aid in pagination."
  pageInfo: PageInfo!
  "A list of edges."
  edges: [UnknownCategoriesEdge!]
  "A flattened list of the nodes."
  nodes: [UnknownCategory!]
}

"An edge in a connection."
type UnknownCategoriesEdge {
  "A cursor for use in pagination."
  cursor: String!
  "The item at the end of the edge."
  node: UnknownCategory!
}

type UnknownCategory implements IPolymorphicCategory & Node {
  title: String!
  id: ID!
  createdAt: DateTime!
  updatedAt: DateTime
  version: Long!
}

type UnknownTechnologyCategory implements IPolymorphicTechnologyCategory {
  id: ID!
  href: URL
  title: String!
  createdAt: DateTime!
  updatedAt: DateTime
  version: Long!
}

input CategoryTypeOperationFilterInput {
  eq: CategoryType
  neq: CategoryType
  in: [CategoryType!]
  nin: [CategoryType!]
}

input DateTimeOperationFilterInput {
  eq: DateTime
  neq: DateTime
  in: [DateTime]
  nin: [DateTime]
  gt: DateTime
  ngt: DateTime
  gte: DateTime
  ngte: DateTime
  lt: DateTime
  nlt: DateTime
  lte: DateTime
  nlte: DateTime
}

input IPolymorphicCategoryFilterInput {
  and: [IPolymorphicCategoryFilterInput!]
  or: [IPolymorphicCategoryFilterInput!]
  id: UuidOperationFilterInput
  createdAt: DateTimeOperationFilterInput
  updatedAt: DateTimeOperationFilterInput
  version: LongOperationFilterInput
  title: StringOperationFilterInput
}

input IPolymorphicCategorySortInput {
  id: SortEnumType
  createdAt: SortEnumType
  updatedAt: SortEnumType
  version: SortEnumType
  title: SortEnumType
}

input IPolymorphicTechnologyCategoryFilterInput {
  and: [IPolymorphicTechnologyCategoryFilterInput!]
  or: [IPolymorphicTechnologyCategoryFilterInput!]
  id: UuidOperationFilterInput
  createdAt: DateTimeOperationFilterInput
  updatedAt: DateTimeOperationFilterInput
  version: LongOperationFilterInput
  title: StringOperationFilterInput
  href: UrlOperationFilterInput
}

input IPolymorphicTechnologyCategorySortInput {
  id: SortEnumType
  createdAt: SortEnumType
  updatedAt: SortEnumType
  version: SortEnumType
  title: SortEnumType
  href: UriSortInput
}

input InformationTechnologyCategoryFilterInput {
  and: [InformationTechnologyCategoryFilterInput!]
  or: [InformationTechnologyCategoryFilterInput!]
  href: UrlOperationFilterInput
  title: StringOperationFilterInput
  id: UuidOperationFilterInput
  createdAt: DateTimeOperationFilterInput
  updatedAt: DateTimeOperationFilterInput
  version: LongOperationFilterInput
}

input InformationTechnologyCategorySortInput {
  href: UriSortInput
  title: SortEnumType
  id: SortEnumType
  createdAt: SortEnumType
  updatedAt: SortEnumType
  version: SortEnumType
}

input ListCategoryTypeOperationFilterInput {
  all: CategoryTypeOperationFilterInput
  none: CategoryTypeOperationFilterInput
  some: CategoryTypeOperationFilterInput
  any: Boolean
}

input LongOperationFilterInput {
  eq: Long
  neq: Long
  in: [Long]
  nin: [Long]
  gt: Long
  ngt: Long
  gte: Long
  ngte: Long
  lt: Long
  nlt: Long
  lte: Long
  nlte: Long
}

input OtherCategoryFilterInput {
  and: [OtherCategoryFilterInput!]
  or: [OtherCategoryFilterInput!]
  title: StringOperationFilterInput
  id: UuidOperationFilterInput
  createdAt: DateTimeOperationFilterInput
  updatedAt: DateTimeOperationFilterInput
  version: LongOperationFilterInput
}

input OtherCategorySortInput {
  title: SortEnumType
  id: SortEnumType
  createdAt: SortEnumType
  updatedAt: SortEnumType
  version: SortEnumType
}

input PortfolioCategoryFilterInput {
  and: [PortfolioCategoryFilterInput!]
  or: [PortfolioCategoryFilterInput!]
  title: StringOperationFilterInput
  id: UuidOperationFilterInput
  createdAt: DateTimeOperationFilterInput
  updatedAt: DateTimeOperationFilterInput
  version: LongOperationFilterInput
}

input PortfolioCategorySortInput {
  title: SortEnumType
  id: SortEnumType
  createdAt: SortEnumType
  updatedAt: SortEnumType
  version: SortEnumType
}

input ResumeCategoryFilterInput {
  and: [ResumeCategoryFilterInput!]
  or: [ResumeCategoryFilterInput!]
  associatedCategoryTypes: ListCategoryTypeOperationFilterInput
  title: StringOperationFilterInput
  id: UuidOperationFilterInput
  createdAt: DateTimeOperationFilterInput
  updatedAt: DateTimeOperationFilterInput
  version: LongOperationFilterInput
}

input ResumeCategorySortInput {
  title: SortEnumType
  id: SortEnumType
  createdAt: SortEnumType
  updatedAt: SortEnumType
  version: SortEnumType
}

input SoftwareDevelopmentCategoryFilterInput {
  and: [SoftwareDevelopmentCategoryFilterInput!]
  or: [SoftwareDevelopmentCategoryFilterInput!]
  href: UrlOperationFilterInput
  title: StringOperationFilterInput
  id: UuidOperationFilterInput
  createdAt: DateTimeOperationFilterInput
  updatedAt: DateTimeOperationFilterInput
  version: LongOperationFilterInput
}

input SoftwareDevelopmentCategorySortInput {
  href: UriSortInput
  title: SortEnumType
  id: SortEnumType
  createdAt: SortEnumType
  updatedAt: SortEnumType
  version: SortEnumType
}

input StringOperationFilterInput {
  and: [StringOperationFilterInput!]
  or: [StringOperationFilterInput!]
  eq: String
  neq: String
  contains: String
  ncontains: String
  in: [String]
  nin: [String]
  startsWith: String
  nstartsWith: String
  endsWith: String
  nendsWith: String
}

input UnknownCategoryFilterInput {
  and: [UnknownCategoryFilterInput!]
  or: [UnknownCategoryFilterInput!]
  title: StringOperationFilterInput
  id: UuidOperationFilterInput
  createdAt: DateTimeOperationFilterInput
  updatedAt: DateTimeOperationFilterInput
  version: LongOperationFilterInput
}

input UnknownCategorySortInput {
  title: SortEnumType
  id: SortEnumType
  createdAt: SortEnumType
  updatedAt: SortEnumType
  version: SortEnumType
}

input UriSortInput {
  absolutePath: SortEnumType
  absoluteUri: SortEnumType
  localPath: SortEnumType
  authority: SortEnumType
  hostNameType: SortEnumType
  isDefaultPort: SortEnumType
  isFile: SortEnumType
  isLoopback: SortEnumType
  pathAndQuery: SortEnumType
  isUnc: SortEnumType
  host: SortEnumType
  port: SortEnumType
  query: SortEnumType
  fragment: SortEnumType
  scheme: SortEnumType
  originalString: SortEnumType
  dnsSafeHost: SortEnumType
  idnHost: SortEnumType
  isAbsoluteUri: SortEnumType
  userEscaped: SortEnumType
  userInfo: SortEnumType
}

input UrlOperationFilterInput {
  eq: URL
  neq: URL
  in: [URL]
  nin: [URL]
  gt: URL
  ngt: URL
  gte: URL
  ngte: URL
  lt: URL
  nlt: URL
  lte: URL
  nlte: URL
}

input UuidOperationFilterInput {
  eq: UUID
  neq: UUID
  in: [UUID]
  nin: [UUID]
  gt: UUID
  ngt: UUID
  gte: UUID
  ngte: UUID
  lt: UUID
  nlt: UUID
  lte: UUID
  nlte: UUID
}

enum CategoryType {
  NONE
  PORTFOLIO
  RESUME
  SOFTWARE_DEVELOPMENT
  INFORMATION_TECHNOLOGY
  OTHER
}

enum SortEnumType {
  ASC
  DESC
}

"The `DateTime` scalar represents an ISO-8601 compliant date time type."
scalar DateTime @specifiedBy(url: "https:\/\/www.graphql-scalars.com\/date-time")

"The `Long` scalar type represents non-fractional signed whole 64-bit numeric values. Long can represent values between -(2^63) and 2^63 - 1."
scalar Long

scalar URL @specifiedBy(url: "https:\/\/tools.ietf.org\/html\/rfc3986")

scalar UUID @specifiedBy(url: "https:\/\/tools.ietf.org\/html\/rfc4122")
