{
  "data": {
    "categories": {
      "totalCount": 3,
      "items": [
        {
          "createdAt": "2024-01-01T00:00:00.000Z",
          "id": "c9f5879d-4018-49a0-9b71-b479dd5de7ff",
          "title": "Title",
          "updatedAt": null,
          "version": 1
        },
        {
          "createdAt": "2024-01-01T00:00:00.000Z",
          "id": "38e483e4-6961-4b25-88a9-d1d0a5161109",
          "title": "Title",
          "updatedAt": null,
          "version": 1,
          "customers": {
            "totalCount": 1
          },
          "portfolioItems": {
            "totalCount": 1
          },
          "technologyCategories": {
            "totalCount": 1
          }
        },
        {
          "createdAt": "2024-01-01T00:00:00.000Z",
          "id": "ca832bf9-b7cb-4c31-bf8d-00f87a276fe3",
          "title": "Title",
          "updatedAt": null,
          "version": 1,
          "href": "/test",
          "portfolioCategories": {
            "totalCount": 1
          },
          "portfolioCustomers": {
            "totalCount": 1
          },
          "portfolioItems": {
            "totalCount": 1
          }
        }
      ]
    }
  }
}
