<h1 class="page-header sticky-top d-flex gap-2 justify-content-start align-items-center bg-body"><span>API Status</span>

        <button type="button" class="btn btn-outline-primary rounded-circle p-0 px-1" title="Refresh" disabled blazor:onclick="1"><i class="bi bi-arrow-clockwise"></i></button></h1>

<div class="skeleton-loader placeholder-glow "><span class="placeholder col-7"></span>
    <span class="placeholder col-4"></span>
    <span class="placeholder col-4"></span>
    <span class="placeholder col-6"></span>
    <span class="placeholder col-8"></span></div>
