<h1 class="page-header sticky-top d-flex gap-2 justify-content-start align-items-center bg-body"><span>Portfolio</span>

        <button type="button" class="btn btn-outline-primary rounded-circle p-0 px-1" title="Refresh" blazor:onclick="1"><i class="bi bi-arrow-clockwise"></i></button></h1>

<div class="d-flex flex-column gap-2"><div class="year-section card"><div class="card-body"><h3 class="year-title card-title">2024</h3>
                    <div class="items-of-year row gap-2"><div class="category-section col-12 col-xl"><h4 class="category-title card-title">Category-Title-0</h4>
                                <div class="items-of-category striped-container d-flex flex-column gap-1"><div class="category-item striped-item p-2 px-3 d-flex flex-column gap-1"><div><span>Portfolio-Item-Title-2</span></div></div></div></div><div class="category-section col-12 col-xl"><h4 class="category-title card-title">Category-Title-0</h4>
                                <div class="items-of-category striped-container d-flex flex-column gap-1"><div class="category-item striped-item p-2 px-3 d-flex flex-column gap-1"><div><a href="/portfolio-item-4" target="_blank" class="text-decoration-none">Portfolio-Item-Title-4</a></div><div class="small d-flex gap-2"><i class="bi bi-person-rolodex flex-shrink-0"></i><span>Customer-Title-4</span></div><div class="small d-flex gap-2 fst-italic fw-light"><i class="bi bi-tools flex-shrink-0"></i>
                                                    <span>Information-Technology-Category-Title-4, Software-Development-Category-Title-4, Unknown-Technology-Category-Title-4</span></div></div></div></div><div class="category-section col-12 col-xl"><h4 class="category-title card-title">Category-Title-0</h4>
                                <div class="items-of-category striped-container d-flex flex-column gap-1"><div class="category-item striped-item p-2 px-3 d-flex flex-column gap-1"><div><a href="/portfolio-item-6" target="_blank" class="text-decoration-none">Portfolio-Item-Title-6</a></div><div class="small d-flex gap-2"><i class="bi bi-person-rolodex flex-shrink-0"></i><a href="/customer-6" target="_blank" class="text-decoration-none">Customer-Title-6</a></div><div class="small d-flex gap-2 fst-italic fw-light"><i class="bi bi-tools flex-shrink-0"></i>
                                                    <span>Information-Technology-Category-Title-6, Software-Development-Category-Title-6, Unknown-Technology-Category-Title-6</span></div></div></div></div><div class="category-section col-12 col-xl"><h4 class="category-title card-title">Category-Title-0</h4>
                                <div class="items-of-category striped-container d-flex flex-column gap-1"><div class="category-item striped-item p-2 px-3 d-flex flex-column gap-1"><div><a href="/portfolio-item-8" target="_blank" class="text-decoration-none">Portfolio-Item-Title-8</a></div><div class="small d-flex gap-2"><i class="bi bi-person-rolodex flex-shrink-0"></i><a href="/customer-8" target="_blank" class="text-decoration-none">Customer-Title-8</a></div><div class="small d-flex gap-2 fst-italic fw-light"><i class="bi bi-tools flex-shrink-0"></i>
                                                    <span>Information-Technology-Category-Title-8, Software-Development-Category-Title-8, Unknown-Technology-Category-Title-8</span></div></div></div></div><div class="category-section col-12 col-xl"><h4 class="category-title card-title">Category-Title-0</h4>
                                <div class="items-of-category striped-container d-flex flex-column gap-1"><div class="category-item striped-item p-2 px-3 d-flex flex-column gap-1"><div><a href="/portfolio-item-10" target="_blank" class="text-decoration-none">Portfolio-Item-Title-10</a></div><div class="small d-flex gap-2"><i class="bi bi-person-rolodex flex-shrink-0"></i><a href="/customer-10" target="_blank" class="text-decoration-none">Customer-Title-10</a></div><div class="small d-flex gap-2 fst-italic fw-light"><i class="bi bi-tools flex-shrink-0"></i>
                                                    <span>Information-Technology-Category-Title-10, Software-Development-Category-Title-10, Unknown-Technology-Category-Title-10</span></div></div></div></div><div class="category-section col-12 col-xl"><h4 class="category-title card-title">Category-Title-0</h4>
                                <div class="items-of-category striped-container d-flex flex-column gap-1"><div class="category-item striped-item p-2 px-3 d-flex flex-column gap-1"><div><a href="/portfolio-item-12" target="_blank" class="text-decoration-none">Portfolio-Item-Title-12</a></div><div class="small d-flex gap-2"><i class="bi bi-person-rolodex flex-shrink-0"></i><a href="/customer-12" target="_blank" class="text-decoration-none">Customer-Title-12</a></div><div class="small d-flex gap-2 fst-italic fw-light"><i class="bi bi-tools flex-shrink-0"></i>
                                                    <span>Information-Technology-Category-Title-12, Software-Development-Category-Title-12, Unknown-Technology-Category-Title-12</span></div></div></div></div><div class="category-section col-12 col-xl"><h4 class="category-title card-title">Category-Title-0</h4>
                                <div class="items-of-category striped-container d-flex flex-column gap-1"><div class="category-item striped-item p-2 px-3 d-flex flex-column gap-1"><div><a href="/portfolio-item-14" target="_blank" class="text-decoration-none">Portfolio-Item-Title-14</a></div><div class="small d-flex gap-2"><i class="bi bi-person-rolodex flex-shrink-0"></i><a href="/customer-14" target="_blank" class="text-decoration-none">Customer-Title-14</a></div><div class="small d-flex gap-2 fst-italic fw-light"><i class="bi bi-tools flex-shrink-0"></i>
                                                    <span>Information-Technology-Category-Title-14, Software-Development-Category-Title-14, Unknown-Technology-Category-Title-14</span></div></div></div></div><div class="category-section col-12 col-xl"><h4 class="category-title card-title">Category-Title-0</h4>
                                <div class="items-of-category striped-container d-flex flex-column gap-1"><div class="category-item striped-item p-2 px-3 d-flex flex-column gap-1"><div><a href="/portfolio-item-16" target="_blank" class="text-decoration-none">Portfolio-Item-Title-16</a></div><div class="small d-flex gap-2"><i class="bi bi-person-rolodex flex-shrink-0"></i><a href="/customer-16" target="_blank" class="text-decoration-none">Customer-Title-16</a></div><div class="small d-flex gap-2 fst-italic fw-light"><i class="bi bi-tools flex-shrink-0"></i>
                                                    <span>Information-Technology-Category-Title-16, Software-Development-Category-Title-16, Unknown-Technology-Category-Title-16</span></div></div></div></div><div class="category-section col-12 col-xl"><h4 class="category-title card-title">Category-Title-0</h4>
                                <div class="items-of-category striped-container d-flex flex-column gap-1"><div class="category-item striped-item p-2 px-3 d-flex flex-column gap-1"><div><a href="/portfolio-item-18" target="_blank" class="text-decoration-none">Portfolio-Item-Title-18</a></div><div class="small d-flex gap-2"><i class="bi bi-person-rolodex flex-shrink-0"></i><a href="/customer-18" target="_blank" class="text-decoration-none">Customer-Title-18</a></div><div class="small d-flex gap-2 fst-italic fw-light"><i class="bi bi-tools flex-shrink-0"></i>
                                                    <span>Information-Technology-Category-Title-18, Software-Development-Category-Title-18, Unknown-Technology-Category-Title-18</span></div></div></div></div><div class="category-section col-12 col-xl"><h4 class="category-title card-title">Category-Title-0</h4>
                                <div class="items-of-category striped-container d-flex flex-column gap-1"><div class="category-item striped-item p-2 px-3 d-flex flex-column gap-1"><div><a href="/portfolio-item-20" target="_blank" class="text-decoration-none">Portfolio-Item-Title-20</a></div><div class="small d-flex gap-2"><i class="bi bi-person-rolodex flex-shrink-0"></i><a href="/customer-20" target="_blank" class="text-decoration-none">Customer-Title-20</a></div><div class="small d-flex gap-2 fst-italic fw-light"><i class="bi bi-tools flex-shrink-0"></i>
                                                    <span>Information-Technology-Category-Title-20, Software-Development-Category-Title-20, Unknown-Technology-Category-Title-20</span></div></div></div></div><div class="category-section col-12 col-xl"><h4 class="category-title card-title">Category-Title-0</h4>
                                <div class="items-of-category striped-container d-flex flex-column gap-1"><div class="category-item striped-item p-2 px-3 d-flex flex-column gap-1"><div><a href="/portfolio-item-22" target="_blank" class="text-decoration-none">Portfolio-Item-Title-22</a></div><div class="small d-flex gap-2"><i class="bi bi-person-rolodex flex-shrink-0"></i><a href="/customer-22" target="_blank" class="text-decoration-none">Customer-Title-22</a></div><div class="small d-flex gap-2 fst-italic fw-light"><i class="bi bi-tools flex-shrink-0"></i>
                                                    <span>Information-Technology-Category-Title-22, Software-Development-Category-Title-22, Unknown-Technology-Category-Title-22</span></div></div></div></div><div class="category-section col-12 col-xl"><h4 class="category-title card-title">Category-Title-0</h4>
                                <div class="items-of-category striped-container d-flex flex-column gap-1"><div class="category-item striped-item p-2 px-3 d-flex flex-column gap-1"><div><a href="/portfolio-item-24" target="_blank" class="text-decoration-none">Portfolio-Item-Title-24</a></div><div class="small d-flex gap-2"><i class="bi bi-person-rolodex flex-shrink-0"></i><a href="/customer-24" target="_blank" class="text-decoration-none">Customer-Title-24</a></div><div class="small d-flex gap-2 fst-italic fw-light"><i class="bi bi-tools flex-shrink-0"></i>
                                                    <span>Information-Technology-Category-Title-24, Software-Development-Category-Title-24, Unknown-Technology-Category-Title-24</span></div></div></div></div><div class="category-section col-12 col-xl"><h4 class="category-title card-title">Category-Title-0</h4>
                                <div class="items-of-category striped-container d-flex flex-column gap-1"><div class="category-item striped-item p-2 px-3 d-flex flex-column gap-1"><div><a href="/portfolio-item-26" target="_blank" class="text-decoration-none">Portfolio-Item-Title-26</a></div><div class="small d-flex gap-2"><i class="bi bi-person-rolodex flex-shrink-0"></i><a href="/customer-26" target="_blank" class="text-decoration-none">Customer-Title-26</a></div><div class="small d-flex gap-2 fst-italic fw-light"><i class="bi bi-tools flex-shrink-0"></i>
                                                    <span>Information-Technology-Category-Title-26, Software-Development-Category-Title-26, Unknown-Technology-Category-Title-26</span></div></div></div></div><div class="category-section col-12 col-xl"><h4 class="category-title card-title">Category-Title-0</h4>
                                <div class="items-of-category striped-container d-flex flex-column gap-1"><div class="category-item striped-item p-2 px-3 d-flex flex-column gap-1"><div><a href="/portfolio-item-28" target="_blank" class="text-decoration-none">Portfolio-Item-Title-28</a></div><div class="small d-flex gap-2"><i class="bi bi-person-rolodex flex-shrink-0"></i><a href="/customer-28" target="_blank" class="text-decoration-none">Customer-Title-28</a></div><div class="small d-flex gap-2 fst-italic fw-light"><i class="bi bi-tools flex-shrink-0"></i>
                                                    <span>Information-Technology-Category-Title-28, Software-Development-Category-Title-28, Unknown-Technology-Category-Title-28</span></div></div></div></div><div class="category-section col-12 col-xl"><h4 class="category-title card-title">Category-Title-0</h4>
                                <div class="items-of-category striped-container d-flex flex-column gap-1"><div class="category-item striped-item p-2 px-3 d-flex flex-column gap-1"><div><a href="/portfolio-item-30" target="_blank" class="text-decoration-none">Portfolio-Item-Title-30</a></div><div class="small d-flex gap-2"><i class="bi bi-person-rolodex flex-shrink-0"></i><a href="/customer-30" target="_blank" class="text-decoration-none">Customer-Title-30</a></div><div class="small d-flex gap-2 fst-italic fw-light"><i class="bi bi-tools flex-shrink-0"></i>
                                                    <span>Information-Technology-Category-Title-30, Software-Development-Category-Title-30, Unknown-Technology-Category-Title-30</span></div></div></div></div><div class="category-section col-12 col-xl"><h4 class="category-title card-title">Category-Title-0</h4>
                                <div class="items-of-category striped-container d-flex flex-column gap-1"><div class="category-item striped-item p-2 px-3 d-flex flex-column gap-1"><div><a href="/portfolio-item-32" target="_blank" class="text-decoration-none">Portfolio-Item-Title-32</a></div><div class="small d-flex gap-2"><i class="bi bi-person-rolodex flex-shrink-0"></i><a href="/customer-32" target="_blank" class="text-decoration-none">Customer-Title-32</a></div><div class="small d-flex gap-2 fst-italic fw-light"><i class="bi bi-tools flex-shrink-0"></i>
                                                    <span>Information-Technology-Category-Title-32, Software-Development-Category-Title-32, Unknown-Technology-Category-Title-32</span></div></div></div></div><div class="category-section col-12 col-xl"><h4 class="category-title card-title">Category-Title-0</h4>
                                <div class="items-of-category striped-container d-flex flex-column gap-1"><div class="category-item striped-item p-2 px-3 d-flex flex-column gap-1"><div><a href="/portfolio-item-34" target="_blank" class="text-decoration-none">Portfolio-Item-Title-34</a></div><div class="small d-flex gap-2"><i class="bi bi-person-rolodex flex-shrink-0"></i><a href="/customer-34" target="_blank" class="text-decoration-none">Customer-Title-34</a></div><div class="small d-flex gap-2 fst-italic fw-light"><i class="bi bi-tools flex-shrink-0"></i>
                                                    <span>Information-Technology-Category-Title-34, Software-Development-Category-Title-34, Unknown-Technology-Category-Title-34</span></div></div></div></div><div class="category-section col-12 col-xl"><h4 class="category-title card-title">Category-Title-0</h4>
                                <div class="items-of-category striped-container d-flex flex-column gap-1"><div class="category-item striped-item p-2 px-3 d-flex flex-column gap-1"><div><a href="/portfolio-item-36" target="_blank" class="text-decoration-none">Portfolio-Item-Title-36</a></div><div class="small d-flex gap-2"><i class="bi bi-person-rolodex flex-shrink-0"></i><a href="/customer-36" target="_blank" class="text-decoration-none">Customer-Title-36</a></div><div class="small d-flex gap-2 fst-italic fw-light"><i class="bi bi-tools flex-shrink-0"></i>
                                                    <span>Information-Technology-Category-Title-36, Software-Development-Category-Title-36, Unknown-Technology-Category-Title-36</span></div></div></div></div><div class="category-section col-12 col-xl"><h4 class="category-title card-title">Category-Title-0</h4>
                                <div class="items-of-category striped-container d-flex flex-column gap-1"><div class="category-item striped-item p-2 px-3 d-flex flex-column gap-1"><div><a href="/portfolio-item-38" target="_blank" class="text-decoration-none">Portfolio-Item-Title-38</a></div><div class="small d-flex gap-2"><i class="bi bi-person-rolodex flex-shrink-0"></i><a href="/customer-38" target="_blank" class="text-decoration-none">Customer-Title-38</a></div><div class="small d-flex gap-2 fst-italic fw-light"><i class="bi bi-tools flex-shrink-0"></i>
                                                    <span>Information-Technology-Category-Title-38, Software-Development-Category-Title-38, Unknown-Technology-Category-Title-38</span></div></div></div></div><div class="category-section col-12 col-xl"><h4 class="category-title card-title">Category-Title-0</h4>
                                <div class="items-of-category striped-container d-flex flex-column gap-1"><div class="category-item striped-item p-2 px-3 d-flex flex-column gap-1"><div><a href="/portfolio-item-40" target="_blank" class="text-decoration-none">Portfolio-Item-Title-40</a></div><div class="small d-flex gap-2"><i class="bi bi-person-rolodex flex-shrink-0"></i><a href="/customer-40" target="_blank" class="text-decoration-none">Customer-Title-40</a></div><div class="small d-flex gap-2 fst-italic fw-light"><i class="bi bi-tools flex-shrink-0"></i>
                                                    <span>Information-Technology-Category-Title-40, Software-Development-Category-Title-40, Unknown-Technology-Category-Title-40</span></div></div></div></div><div class="category-section col-12 col-xl"><h4 class="category-title card-title">Category-Title-0</h4>
                                <div class="items-of-category striped-container d-flex flex-column gap-1"><div class="category-item striped-item p-2 px-3 d-flex flex-column gap-1"><div><a href="/portfolio-item-42" target="_blank" class="text-decoration-none">Portfolio-Item-Title-42</a></div><div class="small d-flex gap-2"><i class="bi bi-person-rolodex flex-shrink-0"></i><a href="/customer-42" target="_blank" class="text-decoration-none">Customer-Title-42</a></div><div class="small d-flex gap-2 fst-italic fw-light"><i class="bi bi-tools flex-shrink-0"></i>
                                                    <span>Information-Technology-Category-Title-42, Software-Development-Category-Title-42, Unknown-Technology-Category-Title-42</span></div></div></div></div><div class="category-section col-12 col-xl"><h4 class="category-title card-title">Category-Title-0</h4>
                                <div class="items-of-category striped-container d-flex flex-column gap-1"><div class="category-item striped-item p-2 px-3 d-flex flex-column gap-1"><div><a href="/portfolio-item-44" target="_blank" class="text-decoration-none">Portfolio-Item-Title-44</a></div><div class="small d-flex gap-2"><i class="bi bi-person-rolodex flex-shrink-0"></i><a href="/customer-44" target="_blank" class="text-decoration-none">Customer-Title-44</a></div><div class="small d-flex gap-2 fst-italic fw-light"><i class="bi bi-tools flex-shrink-0"></i>
                                                    <span>Information-Technology-Category-Title-44, Software-Development-Category-Title-44, Unknown-Technology-Category-Title-44</span></div></div></div></div><div class="category-section col-12 col-xl"><h4 class="category-title card-title">Category-Title-0</h4>
                                <div class="items-of-category striped-container d-flex flex-column gap-1"><div class="category-item striped-item p-2 px-3 d-flex flex-column gap-1"><div><a href="/portfolio-item-46" target="_blank" class="text-decoration-none">Portfolio-Item-Title-46</a></div><div class="small d-flex gap-2"><i class="bi bi-person-rolodex flex-shrink-0"></i><a href="/customer-46" target="_blank" class="text-decoration-none">Customer-Title-46</a></div><div class="small d-flex gap-2 fst-italic fw-light"><i class="bi bi-tools flex-shrink-0"></i>
                                                    <span>Information-Technology-Category-Title-46, Software-Development-Category-Title-46, Unknown-Technology-Category-Title-46</span></div></div></div></div><div class="category-section col-12 col-xl"><h4 class="category-title card-title">Category-Title-0</h4>
                                <div class="items-of-category striped-container d-flex flex-column gap-1"><div class="category-item striped-item p-2 px-3 d-flex flex-column gap-1"><div><a href="/portfolio-item-48" target="_blank" class="text-decoration-none">Portfolio-Item-Title-48</a></div><div class="small d-flex gap-2"><i class="bi bi-person-rolodex flex-shrink-0"></i><a href="/customer-48" target="_blank" class="text-decoration-none">Customer-Title-48</a></div><div class="small d-flex gap-2 fst-italic fw-light"><i class="bi bi-tools flex-shrink-0"></i>
                                                    <span>Information-Technology-Category-Title-48, Software-Development-Category-Title-48, Unknown-Technology-Category-Title-48</span></div></div></div></div><div class="category-section col-12 col-xl"><h4 class="category-title card-title">Category-Title-0</h4>
                                <div class="items-of-category striped-container d-flex flex-column gap-1"><div class="category-item striped-item p-2 px-3 d-flex flex-column gap-1"><div><a href="/portfolio-item-50" target="_blank" class="text-decoration-none">Portfolio-Item-Title-50</a></div><div class="small d-flex gap-2"><i class="bi bi-person-rolodex flex-shrink-0"></i><a href="/customer-50" target="_blank" class="text-decoration-none">Customer-Title-50</a></div><div class="small d-flex gap-2 fst-italic fw-light"><i class="bi bi-tools flex-shrink-0"></i>
                                                    <span>Information-Technology-Category-Title-50, Software-Development-Category-Title-50, Unknown-Technology-Category-Title-50</span></div></div></div></div><div class="category-section col-12 col-xl"><h4 class="category-title card-title">Category-Title-0</h4>
                                <div class="items-of-category striped-container d-flex flex-column gap-1"><div class="category-item striped-item p-2 px-3 d-flex flex-column gap-1"><div><a href="/portfolio-item-52" target="_blank" class="text-decoration-none">Portfolio-Item-Title-52</a></div><div class="small d-flex gap-2"><i class="bi bi-person-rolodex flex-shrink-0"></i><a href="/customer-52" target="_blank" class="text-decoration-none">Customer-Title-52</a></div><div class="small d-flex gap-2 fst-italic fw-light"><i class="bi bi-tools flex-shrink-0"></i>
                                                    <span>Information-Technology-Category-Title-52, Software-Development-Category-Title-52, Unknown-Technology-Category-Title-52</span></div></div></div></div><div class="category-section col-12 col-xl"><h4 class="category-title card-title">Category-Title-0</h4>
                                <div class="items-of-category striped-container d-flex flex-column gap-1"><div class="category-item striped-item p-2 px-3 d-flex flex-column gap-1"><div><a href="/portfolio-item-54" target="_blank" class="text-decoration-none">Portfolio-Item-Title-54</a></div><div class="small d-flex gap-2"><i class="bi bi-person-rolodex flex-shrink-0"></i><a href="/customer-54" target="_blank" class="text-decoration-none">Customer-Title-54</a></div><div class="small d-flex gap-2 fst-italic fw-light"><i class="bi bi-tools flex-shrink-0"></i>
                                                    <span>Information-Technology-Category-Title-54, Software-Development-Category-Title-54, Unknown-Technology-Category-Title-54</span></div></div></div></div><div class="category-section col-12 col-xl"><h4 class="category-title card-title">Category-Title-0</h4>
                                <div class="items-of-category striped-container d-flex flex-column gap-1"><div class="category-item striped-item p-2 px-3 d-flex flex-column gap-1"><div><a href="/portfolio-item-56" target="_blank" class="text-decoration-none">Portfolio-Item-Title-56</a></div><div class="small d-flex gap-2"><i class="bi bi-person-rolodex flex-shrink-0"></i><a href="/customer-56" target="_blank" class="text-decoration-none">Customer-Title-56</a></div><div class="small d-flex gap-2 fst-italic fw-light"><i class="bi bi-tools flex-shrink-0"></i>
                                                    <span>Information-Technology-Category-Title-56, Software-Development-Category-Title-56, Unknown-Technology-Category-Title-56</span></div></div></div></div><div class="category-section col-12 col-xl"><h4 class="category-title card-title">Category-Title-0</h4>
                                <div class="items-of-category striped-container d-flex flex-column gap-1"><div class="category-item striped-item p-2 px-3 d-flex flex-column gap-1"><div><a href="/portfolio-item-58" target="_blank" class="text-decoration-none">Portfolio-Item-Title-58</a></div><div class="small d-flex gap-2"><i class="bi bi-person-rolodex flex-shrink-0"></i><a href="/customer-58" target="_blank" class="text-decoration-none">Customer-Title-58</a></div><div class="small d-flex gap-2 fst-italic fw-light"><i class="bi bi-tools flex-shrink-0"></i>
                                                    <span>Information-Technology-Category-Title-58, Software-Development-Category-Title-58, Unknown-Technology-Category-Title-58</span></div></div></div></div><div class="category-section col-12 col-xl"><h4 class="category-title card-title">Category-Title-0</h4>
                                <div class="items-of-category striped-container d-flex flex-column gap-1"><div class="category-item striped-item p-2 px-3 d-flex flex-column gap-1"><div><a href="/portfolio-item-60" target="_blank" class="text-decoration-none">Portfolio-Item-Title-60</a></div><div class="small d-flex gap-2"><i class="bi bi-person-rolodex flex-shrink-0"></i><a href="/customer-60" target="_blank" class="text-decoration-none">Customer-Title-60</a></div><div class="small d-flex gap-2 fst-italic fw-light"><i class="bi bi-tools flex-shrink-0"></i>
                                                    <span>Information-Technology-Category-Title-60, Software-Development-Category-Title-60, Unknown-Technology-Category-Title-60</span></div></div></div></div><div class="category-section col-12 col-xl"><h4 class="category-title card-title">Category-Title-0</h4>
                                <div class="items-of-category striped-container d-flex flex-column gap-1"><div class="category-item striped-item p-2 px-3 d-flex flex-column gap-1"><div><a href="/portfolio-item-62" target="_blank" class="text-decoration-none">Portfolio-Item-Title-62</a></div><div class="small d-flex gap-2"><i class="bi bi-person-rolodex flex-shrink-0"></i><a href="/customer-62" target="_blank" class="text-decoration-none">Customer-Title-62</a></div><div class="small d-flex gap-2 fst-italic fw-light"><i class="bi bi-tools flex-shrink-0"></i>
                                                    <span>Information-Technology-Category-Title-62, Software-Development-Category-Title-62, Unknown-Technology-Category-Title-62</span></div></div></div></div><div class="category-section col-12 col-xl"><h4 class="category-title card-title">Category-Title-0</h4>
                                <div class="items-of-category striped-container d-flex flex-column gap-1"><div class="category-item striped-item p-2 px-3 d-flex flex-column gap-1"><div><a href="/portfolio-item-64" target="_blank" class="text-decoration-none">Portfolio-Item-Title-64</a></div><div class="small d-flex gap-2"><i class="bi bi-person-rolodex flex-shrink-0"></i><a href="/customer-64" target="_blank" class="text-decoration-none">Customer-Title-64</a></div><div class="small d-flex gap-2 fst-italic fw-light"><i class="bi bi-tools flex-shrink-0"></i>
                                                    <span>Information-Technology-Category-Title-64, Software-Development-Category-Title-64, Unknown-Technology-Category-Title-64</span></div></div></div></div><div class="category-section col-12 col-xl"><h4 class="category-title card-title">Category-Title-0</h4>
                                <div class="items-of-category striped-container d-flex flex-column gap-1"><div class="category-item striped-item p-2 px-3 d-flex flex-column gap-1"><div><a href="/portfolio-item-66" target="_blank" class="text-decoration-none">Portfolio-Item-Title-66</a></div><div class="small d-flex gap-2"><i class="bi bi-person-rolodex flex-shrink-0"></i><a href="/customer-66" target="_blank" class="text-decoration-none">Customer-Title-66</a></div><div class="small d-flex gap-2 fst-italic fw-light"><i class="bi bi-tools flex-shrink-0"></i>
                                                    <span>Information-Technology-Category-Title-66, Software-Development-Category-Title-66, Unknown-Technology-Category-Title-66</span></div></div></div></div><div class="category-section col-12 col-xl"><h4 class="category-title card-title">Category-Title-0</h4>
                                <div class="items-of-category striped-container d-flex flex-column gap-1"><div class="category-item striped-item p-2 px-3 d-flex flex-column gap-1"><div><a href="/portfolio-item-68" target="_blank" class="text-decoration-none">Portfolio-Item-Title-68</a></div><div class="small d-flex gap-2"><i class="bi bi-person-rolodex flex-shrink-0"></i><a href="/customer-68" target="_blank" class="text-decoration-none">Customer-Title-68</a></div><div class="small d-flex gap-2 fst-italic fw-light"><i class="bi bi-tools flex-shrink-0"></i>
                                                    <span>Information-Technology-Category-Title-68, Software-Development-Category-Title-68, Unknown-Technology-Category-Title-68</span></div></div></div></div><div class="category-section col-12 col-xl"><h4 class="category-title card-title">Category-Title-0</h4>
                                <div class="items-of-category striped-container d-flex flex-column gap-1"><div class="category-item striped-item p-2 px-3 d-flex flex-column gap-1"><div><a href="/portfolio-item-70" target="_blank" class="text-decoration-none">Portfolio-Item-Title-70</a></div><div class="small d-flex gap-2"><i class="bi bi-person-rolodex flex-shrink-0"></i><a href="/customer-70" target="_blank" class="text-decoration-none">Customer-Title-70</a></div><div class="small d-flex gap-2 fst-italic fw-light"><i class="bi bi-tools flex-shrink-0"></i>
                                                    <span>Information-Technology-Category-Title-70, Software-Development-Category-Title-70, Unknown-Technology-Category-Title-70</span></div></div></div></div><div class="category-section col-12 col-xl"><h4 class="category-title card-title">Category-Title-0</h4>
                                <div class="items-of-category striped-container d-flex flex-column gap-1"><div class="category-item striped-item p-2 px-3 d-flex flex-column gap-1"><div><a href="/portfolio-item-72" target="_blank" class="text-decoration-none">Portfolio-Item-Title-72</a></div><div class="small d-flex gap-2"><i class="bi bi-person-rolodex flex-shrink-0"></i><a href="/customer-72" target="_blank" class="text-decoration-none">Customer-Title-72</a></div><div class="small d-flex gap-2 fst-italic fw-light"><i class="bi bi-tools flex-shrink-0"></i>
                                                    <span>Information-Technology-Category-Title-72, Software-Development-Category-Title-72, Unknown-Technology-Category-Title-72</span></div></div></div></div><div class="category-section col-12 col-xl"><h4 class="category-title card-title">Category-Title-0</h4>
                                <div class="items-of-category striped-container d-flex flex-column gap-1"><div class="category-item striped-item p-2 px-3 d-flex flex-column gap-1"><div><a href="/portfolio-item-74" target="_blank" class="text-decoration-none">Portfolio-Item-Title-74</a></div><div class="small d-flex gap-2"><i class="bi bi-person-rolodex flex-shrink-0"></i><a href="/customer-74" target="_blank" class="text-decoration-none">Customer-Title-74</a></div><div class="small d-flex gap-2 fst-italic fw-light"><i class="bi bi-tools flex-shrink-0"></i>
                                                    <span>Information-Technology-Category-Title-74, Software-Development-Category-Title-74, Unknown-Technology-Category-Title-74</span></div></div></div></div><div class="category-section col-12 col-xl"><h4 class="category-title card-title">Category-Title-0</h4>
                                <div class="items-of-category striped-container d-flex flex-column gap-1"><div class="category-item striped-item p-2 px-3 d-flex flex-column gap-1"><div><a href="/portfolio-item-76" target="_blank" class="text-decoration-none">Portfolio-Item-Title-76</a></div><div class="small d-flex gap-2"><i class="bi bi-person-rolodex flex-shrink-0"></i><a href="/customer-76" target="_blank" class="text-decoration-none">Customer-Title-76</a></div><div class="small d-flex gap-2 fst-italic fw-light"><i class="bi bi-tools flex-shrink-0"></i>
                                                    <span>Information-Technology-Category-Title-76, Software-Development-Category-Title-76, Unknown-Technology-Category-Title-76</span></div></div></div></div><div class="category-section col-12 col-xl"><h4 class="category-title card-title">Category-Title-0</h4>
                                <div class="items-of-category striped-container d-flex flex-column gap-1"><div class="category-item striped-item p-2 px-3 d-flex flex-column gap-1"><div><a href="/portfolio-item-78" target="_blank" class="text-decoration-none">Portfolio-Item-Title-78</a></div><div class="small d-flex gap-2"><i class="bi bi-person-rolodex flex-shrink-0"></i><a href="/customer-78" target="_blank" class="text-decoration-none">Customer-Title-78</a></div><div class="small d-flex gap-2 fst-italic fw-light"><i class="bi bi-tools flex-shrink-0"></i>
                                                    <span>Information-Technology-Category-Title-78, Software-Development-Category-Title-78, Unknown-Technology-Category-Title-78</span></div></div></div></div><div class="category-section col-12 col-xl"><h4 class="category-title card-title">Category-Title-0</h4>
                                <div class="items-of-category striped-container d-flex flex-column gap-1"><div class="category-item striped-item p-2 px-3 d-flex flex-column gap-1"><div><a href="/portfolio-item-80" target="_blank" class="text-decoration-none">Portfolio-Item-Title-80</a></div><div class="small d-flex gap-2"><i class="bi bi-person-rolodex flex-shrink-0"></i><a href="/customer-80" target="_blank" class="text-decoration-none">Customer-Title-80</a></div><div class="small d-flex gap-2 fst-italic fw-light"><i class="bi bi-tools flex-shrink-0"></i>
                                                    <span>Information-Technology-Category-Title-80, Software-Development-Category-Title-80, Unknown-Technology-Category-Title-80</span></div></div></div></div><div class="category-section col-12 col-xl"><h4 class="category-title card-title">Category-Title-0</h4>
                                <div class="items-of-category striped-container d-flex flex-column gap-1"><div class="category-item striped-item p-2 px-3 d-flex flex-column gap-1"><div><a href="/portfolio-item-82" target="_blank" class="text-decoration-none">Portfolio-Item-Title-82</a></div><div class="small d-flex gap-2"><i class="bi bi-person-rolodex flex-shrink-0"></i><a href="/customer-82" target="_blank" class="text-decoration-none">Customer-Title-82</a></div><div class="small d-flex gap-2 fst-italic fw-light"><i class="bi bi-tools flex-shrink-0"></i>
                                                    <span>Information-Technology-Category-Title-82, Software-Development-Category-Title-82, Unknown-Technology-Category-Title-82</span></div></div></div></div><div class="category-section col-12 col-xl"><h4 class="category-title card-title">Category-Title-0</h4>
                                <div class="items-of-category striped-container d-flex flex-column gap-1"><div class="category-item striped-item p-2 px-3 d-flex flex-column gap-1"><div><a href="/portfolio-item-84" target="_blank" class="text-decoration-none">Portfolio-Item-Title-84</a></div><div class="small d-flex gap-2"><i class="bi bi-person-rolodex flex-shrink-0"></i><a href="/customer-84" target="_blank" class="text-decoration-none">Customer-Title-84</a></div><div class="small d-flex gap-2 fst-italic fw-light"><i class="bi bi-tools flex-shrink-0"></i>
                                                    <span>Information-Technology-Category-Title-84, Software-Development-Category-Title-84, Unknown-Technology-Category-Title-84</span></div></div></div></div><div class="category-section col-12 col-xl"><h4 class="category-title card-title">Category-Title-0</h4>
                                <div class="items-of-category striped-container d-flex flex-column gap-1"><div class="category-item striped-item p-2 px-3 d-flex flex-column gap-1"><div><a href="/portfolio-item-86" target="_blank" class="text-decoration-none">Portfolio-Item-Title-86</a></div><div class="small d-flex gap-2"><i class="bi bi-person-rolodex flex-shrink-0"></i><a href="/customer-86" target="_blank" class="text-decoration-none">Customer-Title-86</a></div><div class="small d-flex gap-2 fst-italic fw-light"><i class="bi bi-tools flex-shrink-0"></i>
                                                    <span>Information-Technology-Category-Title-86, Software-Development-Category-Title-86, Unknown-Technology-Category-Title-86</span></div></div></div></div><div class="category-section col-12 col-xl"><h4 class="category-title card-title">Category-Title-0</h4>
                                <div class="items-of-category striped-container d-flex flex-column gap-1"><div class="category-item striped-item p-2 px-3 d-flex flex-column gap-1"><div><a href="/portfolio-item-88" target="_blank" class="text-decoration-none">Portfolio-Item-Title-88</a></div><div class="small d-flex gap-2"><i class="bi bi-person-rolodex flex-shrink-0"></i><a href="/customer-88" target="_blank" class="text-decoration-none">Customer-Title-88</a></div><div class="small d-flex gap-2 fst-italic fw-light"><i class="bi bi-tools flex-shrink-0"></i>
                                                    <span>Information-Technology-Category-Title-88, Software-Development-Category-Title-88, Unknown-Technology-Category-Title-88</span></div></div></div></div><div class="category-section col-12 col-xl"><h4 class="category-title card-title">Category-Title-0</h4>
                                <div class="items-of-category striped-container d-flex flex-column gap-1"><div class="category-item striped-item p-2 px-3 d-flex flex-column gap-1"><div><a href="/portfolio-item-90" target="_blank" class="text-decoration-none">Portfolio-Item-Title-90</a></div><div class="small d-flex gap-2"><i class="bi bi-person-rolodex flex-shrink-0"></i><a href="/customer-90" target="_blank" class="text-decoration-none">Customer-Title-90</a></div><div class="small d-flex gap-2 fst-italic fw-light"><i class="bi bi-tools flex-shrink-0"></i>
                                                    <span>Information-Technology-Category-Title-90, Software-Development-Category-Title-90, Unknown-Technology-Category-Title-90</span></div></div></div></div><div class="category-section col-12 col-xl"><h4 class="category-title card-title">Category-Title-0</h4>
                                <div class="items-of-category striped-container d-flex flex-column gap-1"><div class="category-item striped-item p-2 px-3 d-flex flex-column gap-1"><div><a href="/portfolio-item-92" target="_blank" class="text-decoration-none">Portfolio-Item-Title-92</a></div><div class="small d-flex gap-2"><i class="bi bi-person-rolodex flex-shrink-0"></i><a href="/customer-92" target="_blank" class="text-decoration-none">Customer-Title-92</a></div><div class="small d-flex gap-2 fst-italic fw-light"><i class="bi bi-tools flex-shrink-0"></i>
                                                    <span>Information-Technology-Category-Title-92, Software-Development-Category-Title-92, Unknown-Technology-Category-Title-92</span></div></div></div></div><div class="category-section col-12 col-xl"><h4 class="category-title card-title">Category-Title-0</h4>
                                <div class="items-of-category striped-container d-flex flex-column gap-1"><div class="category-item striped-item p-2 px-3 d-flex flex-column gap-1"><div><a href="/portfolio-item-94" target="_blank" class="text-decoration-none">Portfolio-Item-Title-94</a></div><div class="small d-flex gap-2"><i class="bi bi-person-rolodex flex-shrink-0"></i><a href="/customer-94" target="_blank" class="text-decoration-none">Customer-Title-94</a></div><div class="small d-flex gap-2 fst-italic fw-light"><i class="bi bi-tools flex-shrink-0"></i>
                                                    <span>Information-Technology-Category-Title-94, Software-Development-Category-Title-94, Unknown-Technology-Category-Title-94</span></div></div></div></div><div class="category-section col-12 col-xl"><h4 class="category-title card-title">Category-Title-0</h4>
                                <div class="items-of-category striped-container d-flex flex-column gap-1"><div class="category-item striped-item p-2 px-3 d-flex flex-column gap-1"><div><a href="/portfolio-item-96" target="_blank" class="text-decoration-none">Portfolio-Item-Title-96</a></div><div class="small d-flex gap-2"><i class="bi bi-person-rolodex flex-shrink-0"></i><a href="/customer-96" target="_blank" class="text-decoration-none">Customer-Title-96</a></div><div class="small d-flex gap-2 fst-italic fw-light"><i class="bi bi-tools flex-shrink-0"></i>
                                                    <span>Information-Technology-Category-Title-96, Software-Development-Category-Title-96, Unknown-Technology-Category-Title-96</span></div></div></div></div><div class="category-section col-12 col-xl"><h4 class="category-title card-title">Category-Title-0</h4>
                                <div class="items-of-category striped-container d-flex flex-column gap-1"><div class="category-item striped-item p-2 px-3 d-flex flex-column gap-1"><div><a href="/portfolio-item-98" target="_blank" class="text-decoration-none">Portfolio-Item-Title-98</a></div><div class="small d-flex gap-2"><i class="bi bi-person-rolodex flex-shrink-0"></i><a href="/customer-98" target="_blank" class="text-decoration-none">Customer-Title-98</a></div><div class="small d-flex gap-2 fst-italic fw-light"><i class="bi bi-tools flex-shrink-0"></i>
                                                    <span>Information-Technology-Category-Title-98, Software-Development-Category-Title-98, Unknown-Technology-Category-Title-98</span></div></div></div></div><div class="category-section col-12 col-xl"><h4 class="category-title card-title">Category-Title-1</h4>
                                <div class="items-of-category striped-container d-flex flex-column gap-1"><div class="category-item striped-item p-2 px-3 d-flex flex-column gap-1"><div><a href="/portfolio-item-3" target="_blank" class="text-decoration-none">Portfolio-Item-Title-3</a></div></div></div></div><div class="category-section col-12 col-xl"><h4 class="category-title card-title">Category-Title-1</h4>
                                <div class="items-of-category striped-container d-flex flex-column gap-1"><div class="category-item striped-item p-2 px-3 d-flex flex-column gap-1"><div><a href="/portfolio-item-5" target="_blank" class="text-decoration-none">Portfolio-Item-Title-5</a></div><div class="small d-flex gap-2"><i class="bi bi-person-rolodex flex-shrink-0"></i><a href="/customer-5" target="_blank" class="text-decoration-none">Customer-Title-5</a></div><div class="small d-flex gap-2 fst-italic fw-light"><i class="bi bi-tools flex-shrink-0"></i>
                                                    <span>Information-Technology-Category-Title-5, Software-Development-Category-Title-5, Unknown-Technology-Category-Title-5</span></div></div></div></div><div class="category-section col-12 col-xl"><h4 class="category-title card-title">Category-Title-1</h4>
                                <div class="items-of-category striped-container d-flex flex-column gap-1"><div class="category-item striped-item p-2 px-3 d-flex flex-column gap-1"><div><a href="/portfolio-item-7" target="_blank" class="text-decoration-none">Portfolio-Item-Title-7</a></div><div class="small d-flex gap-2"><i class="bi bi-person-rolodex flex-shrink-0"></i><a href="/customer-7" target="_blank" class="text-decoration-none">Customer-Title-7</a></div><div class="small d-flex gap-2 fst-italic fw-light"><i class="bi bi-tools flex-shrink-0"></i>
                                                    <span>Information-Technology-Category-Title-7, Software-Development-Category-Title-7, Unknown-Technology-Category-Title-7</span></div></div></div></div><div class="category-section col-12 col-xl"><h4 class="category-title card-title">Category-Title-1</h4>
                                <div class="items-of-category striped-container d-flex flex-column gap-1"><div class="category-item striped-item p-2 px-3 d-flex flex-column gap-1"><div><a href="/portfolio-item-9" target="_blank" class="text-decoration-none">Portfolio-Item-Title-9</a></div><div class="small d-flex gap-2"><i class="bi bi-person-rolodex flex-shrink-0"></i><a href="/customer-9" target="_blank" class="text-decoration-none">Customer-Title-9</a></div><div class="small d-flex gap-2 fst-italic fw-light"><i class="bi bi-tools flex-shrink-0"></i>
                                                    <span>Information-Technology-Category-Title-9, Software-Development-Category-Title-9, Unknown-Technology-Category-Title-9</span></div></div></div></div><div class="category-section col-12 col-xl"><h4 class="category-title card-title">Category-Title-1</h4>
                                <div class="items-of-category striped-container d-flex flex-column gap-1"><div class="category-item striped-item p-2 px-3 d-flex flex-column gap-1"><div><a href="/portfolio-item-11" target="_blank" class="text-decoration-none">Portfolio-Item-Title-11</a></div><div class="small d-flex gap-2"><i class="bi bi-person-rolodex flex-shrink-0"></i><a href="/customer-11" target="_blank" class="text-decoration-none">Customer-Title-11</a></div><div class="small d-flex gap-2 fst-italic fw-light"><i class="bi bi-tools flex-shrink-0"></i>
                                                    <span>Information-Technology-Category-Title-11, Software-Development-Category-Title-11, Unknown-Technology-Category-Title-11</span></div></div></div></div><div class="category-section col-12 col-xl"><h4 class="category-title card-title">Category-Title-1</h4>
                                <div class="items-of-category striped-container d-flex flex-column gap-1"><div class="category-item striped-item p-2 px-3 d-flex flex-column gap-1"><div><a href="/portfolio-item-13" target="_blank" class="text-decoration-none">Portfolio-Item-Title-13</a></div><div class="small d-flex gap-2"><i class="bi bi-person-rolodex flex-shrink-0"></i><a href="/customer-13" target="_blank" class="text-decoration-none">Customer-Title-13</a></div><div class="small d-flex gap-2 fst-italic fw-light"><i class="bi bi-tools flex-shrink-0"></i>
                                                    <span>Information-Technology-Category-Title-13, Software-Development-Category-Title-13, Unknown-Technology-Category-Title-13</span></div></div></div></div><div class="category-section col-12 col-xl"><h4 class="category-title card-title">Category-Title-1</h4>
                                <div class="items-of-category striped-container d-flex flex-column gap-1"><div class="category-item striped-item p-2 px-3 d-flex flex-column gap-1"><div><a href="/portfolio-item-15" target="_blank" class="text-decoration-none">Portfolio-Item-Title-15</a></div><div class="small d-flex gap-2"><i class="bi bi-person-rolodex flex-shrink-0"></i><a href="/customer-15" target="_blank" class="text-decoration-none">Customer-Title-15</a></div><div class="small d-flex gap-2 fst-italic fw-light"><i class="bi bi-tools flex-shrink-0"></i>
                                                    <span>Information-Technology-Category-Title-15, Software-Development-Category-Title-15, Unknown-Technology-Category-Title-15</span></div></div></div></div><div class="category-section col-12 col-xl"><h4 class="category-title card-title">Category-Title-1</h4>
                                <div class="items-of-category striped-container d-flex flex-column gap-1"><div class="category-item striped-item p-2 px-3 d-flex flex-column gap-1"><div><a href="/portfolio-item-17" target="_blank" class="text-decoration-none">Portfolio-Item-Title-17</a></div><div class="small d-flex gap-2"><i class="bi bi-person-rolodex flex-shrink-0"></i><a href="/customer-17" target="_blank" class="text-decoration-none">Customer-Title-17</a></div><div class="small d-flex gap-2 fst-italic fw-light"><i class="bi bi-tools flex-shrink-0"></i>
                                                    <span>Information-Technology-Category-Title-17, Software-Development-Category-Title-17, Unknown-Technology-Category-Title-17</span></div></div></div></div><div class="category-section col-12 col-xl"><h4 class="category-title card-title">Category-Title-1</h4>
                                <div class="items-of-category striped-container d-flex flex-column gap-1"><div class="category-item striped-item p-2 px-3 d-flex flex-column gap-1"><div><a href="/portfolio-item-19" target="_blank" class="text-decoration-none">Portfolio-Item-Title-19</a></div><div class="small d-flex gap-2"><i class="bi bi-person-rolodex flex-shrink-0"></i><a href="/customer-19" target="_blank" class="text-decoration-none">Customer-Title-19</a></div><div class="small d-flex gap-2 fst-italic fw-light"><i class="bi bi-tools flex-shrink-0"></i>
                                                    <span>Information-Technology-Category-Title-19, Software-Development-Category-Title-19, Unknown-Technology-Category-Title-19</span></div></div></div></div><div class="category-section col-12 col-xl"><h4 class="category-title card-title">Category-Title-1</h4>
                                <div class="items-of-category striped-container d-flex flex-column gap-1"><div class="category-item striped-item p-2 px-3 d-flex flex-column gap-1"><div><a href="/portfolio-item-21" target="_blank" class="text-decoration-none">Portfolio-Item-Title-21</a></div><div class="small d-flex gap-2"><i class="bi bi-person-rolodex flex-shrink-0"></i><a href="/customer-21" target="_blank" class="text-decoration-none">Customer-Title-21</a></div><div class="small d-flex gap-2 fst-italic fw-light"><i class="bi bi-tools flex-shrink-0"></i>
                                                    <span>Information-Technology-Category-Title-21, Software-Development-Category-Title-21, Unknown-Technology-Category-Title-21</span></div></div></div></div><div class="category-section col-12 col-xl"><h4 class="category-title card-title">Category-Title-1</h4>
                                <div class="items-of-category striped-container d-flex flex-column gap-1"><div class="category-item striped-item p-2 px-3 d-flex flex-column gap-1"><div><a href="/portfolio-item-23" target="_blank" class="text-decoration-none">Portfolio-Item-Title-23</a></div><div class="small d-flex gap-2"><i class="bi bi-person-rolodex flex-shrink-0"></i><a href="/customer-23" target="_blank" class="text-decoration-none">Customer-Title-23</a></div><div class="small d-flex gap-2 fst-italic fw-light"><i class="bi bi-tools flex-shrink-0"></i>
                                                    <span>Information-Technology-Category-Title-23, Software-Development-Category-Title-23, Unknown-Technology-Category-Title-23</span></div></div></div></div><div class="category-section col-12 col-xl"><h4 class="category-title card-title">Category-Title-1</h4>
                                <div class="items-of-category striped-container d-flex flex-column gap-1"><div class="category-item striped-item p-2 px-3 d-flex flex-column gap-1"><div><a href="/portfolio-item-25" target="_blank" class="text-decoration-none">Portfolio-Item-Title-25</a></div><div class="small d-flex gap-2"><i class="bi bi-person-rolodex flex-shrink-0"></i><a href="/customer-25" target="_blank" class="text-decoration-none">Customer-Title-25</a></div><div class="small d-flex gap-2 fst-italic fw-light"><i class="bi bi-tools flex-shrink-0"></i>
                                                    <span>Information-Technology-Category-Title-25, Software-Development-Category-Title-25, Unknown-Technology-Category-Title-25</span></div></div></div></div><div class="category-section col-12 col-xl"><h4 class="category-title card-title">Category-Title-1</h4>
                                <div class="items-of-category striped-container d-flex flex-column gap-1"><div class="category-item striped-item p-2 px-3 d-flex flex-column gap-1"><div><a href="/portfolio-item-27" target="_blank" class="text-decoration-none">Portfolio-Item-Title-27</a></div><div class="small d-flex gap-2"><i class="bi bi-person-rolodex flex-shrink-0"></i><a href="/customer-27" target="_blank" class="text-decoration-none">Customer-Title-27</a></div><div class="small d-flex gap-2 fst-italic fw-light"><i class="bi bi-tools flex-shrink-0"></i>
                                                    <span>Information-Technology-Category-Title-27, Software-Development-Category-Title-27, Unknown-Technology-Category-Title-27</span></div></div></div></div><div class="category-section col-12 col-xl"><h4 class="category-title card-title">Category-Title-1</h4>
                                <div class="items-of-category striped-container d-flex flex-column gap-1"><div class="category-item striped-item p-2 px-3 d-flex flex-column gap-1"><div><a href="/portfolio-item-29" target="_blank" class="text-decoration-none">Portfolio-Item-Title-29</a></div><div class="small d-flex gap-2"><i class="bi bi-person-rolodex flex-shrink-0"></i><a href="/customer-29" target="_blank" class="text-decoration-none">Customer-Title-29</a></div><div class="small d-flex gap-2 fst-italic fw-light"><i class="bi bi-tools flex-shrink-0"></i>
                                                    <span>Information-Technology-Category-Title-29, Software-Development-Category-Title-29, Unknown-Technology-Category-Title-29</span></div></div></div></div><div class="category-section col-12 col-xl"><h4 class="category-title card-title">Category-Title-1</h4>
                                <div class="items-of-category striped-container d-flex flex-column gap-1"><div class="category-item striped-item p-2 px-3 d-flex flex-column gap-1"><div><a href="/portfolio-item-31" target="_blank" class="text-decoration-none">Portfolio-Item-Title-31</a></div><div class="small d-flex gap-2"><i class="bi bi-person-rolodex flex-shrink-0"></i><a href="/customer-31" target="_blank" class="text-decoration-none">Customer-Title-31</a></div><div class="small d-flex gap-2 fst-italic fw-light"><i class="bi bi-tools flex-shrink-0"></i>
                                                    <span>Information-Technology-Category-Title-31, Software-Development-Category-Title-31, Unknown-Technology-Category-Title-31</span></div></div></div></div><div class="category-section col-12 col-xl"><h4 class="category-title card-title">Category-Title-1</h4>
                                <div class="items-of-category striped-container d-flex flex-column gap-1"><div class="category-item striped-item p-2 px-3 d-flex flex-column gap-1"><div><a href="/portfolio-item-33" target="_blank" class="text-decoration-none">Portfolio-Item-Title-33</a></div><div class="small d-flex gap-2"><i class="bi bi-person-rolodex flex-shrink-0"></i><a href="/customer-33" target="_blank" class="text-decoration-none">Customer-Title-33</a></div><div class="small d-flex gap-2 fst-italic fw-light"><i class="bi bi-tools flex-shrink-0"></i>
                                                    <span>Information-Technology-Category-Title-33, Software-Development-Category-Title-33, Unknown-Technology-Category-Title-33</span></div></div></div></div><div class="category-section col-12 col-xl"><h4 class="category-title card-title">Category-Title-1</h4>
                                <div class="items-of-category striped-container d-flex flex-column gap-1"><div class="category-item striped-item p-2 px-3 d-flex flex-column gap-1"><div><a href="/portfolio-item-35" target="_blank" class="text-decoration-none">Portfolio-Item-Title-35</a></div><div class="small d-flex gap-2"><i class="bi bi-person-rolodex flex-shrink-0"></i><a href="/customer-35" target="_blank" class="text-decoration-none">Customer-Title-35</a></div><div class="small d-flex gap-2 fst-italic fw-light"><i class="bi bi-tools flex-shrink-0"></i>
                                                    <span>Information-Technology-Category-Title-35, Software-Development-Category-Title-35, Unknown-Technology-Category-Title-35</span></div></div></div></div><div class="category-section col-12 col-xl"><h4 class="category-title card-title">Category-Title-1</h4>
                                <div class="items-of-category striped-container d-flex flex-column gap-1"><div class="category-item striped-item p-2 px-3 d-flex flex-column gap-1"><div><a href="/portfolio-item-37" target="_blank" class="text-decoration-none">Portfolio-Item-Title-37</a></div><div class="small d-flex gap-2"><i class="bi bi-person-rolodex flex-shrink-0"></i><a href="/customer-37" target="_blank" class="text-decoration-none">Customer-Title-37</a></div><div class="small d-flex gap-2 fst-italic fw-light"><i class="bi bi-tools flex-shrink-0"></i>
                                                    <span>Information-Technology-Category-Title-37, Software-Development-Category-Title-37, Unknown-Technology-Category-Title-37</span></div></div></div></div><div class="category-section col-12 col-xl"><h4 class="category-title card-title">Category-Title-1</h4>
                                <div class="items-of-category striped-container d-flex flex-column gap-1"><div class="category-item striped-item p-2 px-3 d-flex flex-column gap-1"><div><a href="/portfolio-item-39" target="_blank" class="text-decoration-none">Portfolio-Item-Title-39</a></div><div class="small d-flex gap-2"><i class="bi bi-person-rolodex flex-shrink-0"></i><a href="/customer-39" target="_blank" class="text-decoration-none">Customer-Title-39</a></div><div class="small d-flex gap-2 fst-italic fw-light"><i class="bi bi-tools flex-shrink-0"></i>
                                                    <span>Information-Technology-Category-Title-39, Software-Development-Category-Title-39, Unknown-Technology-Category-Title-39</span></div></div></div></div><div class="category-section col-12 col-xl"><h4 class="category-title card-title">Category-Title-1</h4>
                                <div class="items-of-category striped-container d-flex flex-column gap-1"><div class="category-item striped-item p-2 px-3 d-flex flex-column gap-1"><div><a href="/portfolio-item-41" target="_blank" class="text-decoration-none">Portfolio-Item-Title-41</a></div><div class="small d-flex gap-2"><i class="bi bi-person-rolodex flex-shrink-0"></i><a href="/customer-41" target="_blank" class="text-decoration-none">Customer-Title-41</a></div><div class="small d-flex gap-2 fst-italic fw-light"><i class="bi bi-tools flex-shrink-0"></i>
                                                    <span>Information-Technology-Category-Title-41, Software-Development-Category-Title-41, Unknown-Technology-Category-Title-41</span></div></div></div></div><div class="category-section col-12 col-xl"><h4 class="category-title card-title">Category-Title-1</h4>
                                <div class="items-of-category striped-container d-flex flex-column gap-1"><div class="category-item striped-item p-2 px-3 d-flex flex-column gap-1"><div><a href="/portfolio-item-43" target="_blank" class="text-decoration-none">Portfolio-Item-Title-43</a></div><div class="small d-flex gap-2"><i class="bi bi-person-rolodex flex-shrink-0"></i><a href="/customer-43" target="_blank" class="text-decoration-none">Customer-Title-43</a></div><div class="small d-flex gap-2 fst-italic fw-light"><i class="bi bi-tools flex-shrink-0"></i>
                                                    <span>Information-Technology-Category-Title-43, Software-Development-Category-Title-43, Unknown-Technology-Category-Title-43</span></div></div></div></div><div class="category-section col-12 col-xl"><h4 class="category-title card-title">Category-Title-1</h4>
                                <div class="items-of-category striped-container d-flex flex-column gap-1"><div class="category-item striped-item p-2 px-3 d-flex flex-column gap-1"><div><a href="/portfolio-item-45" target="_blank" class="text-decoration-none">Portfolio-Item-Title-45</a></div><div class="small d-flex gap-2"><i class="bi bi-person-rolodex flex-shrink-0"></i><a href="/customer-45" target="_blank" class="text-decoration-none">Customer-Title-45</a></div><div class="small d-flex gap-2 fst-italic fw-light"><i class="bi bi-tools flex-shrink-0"></i>
                                                    <span>Information-Technology-Category-Title-45, Software-Development-Category-Title-45, Unknown-Technology-Category-Title-45</span></div></div></div></div><div class="category-section col-12 col-xl"><h4 class="category-title card-title">Category-Title-1</h4>
                                <div class="items-of-category striped-container d-flex flex-column gap-1"><div class="category-item striped-item p-2 px-3 d-flex flex-column gap-1"><div><a href="/portfolio-item-47" target="_blank" class="text-decoration-none">Portfolio-Item-Title-47</a></div><div class="small d-flex gap-2"><i class="bi bi-person-rolodex flex-shrink-0"></i><a href="/customer-47" target="_blank" class="text-decoration-none">Customer-Title-47</a></div><div class="small d-flex gap-2 fst-italic fw-light"><i class="bi bi-tools flex-shrink-0"></i>
                                                    <span>Information-Technology-Category-Title-47, Software-Development-Category-Title-47, Unknown-Technology-Category-Title-47</span></div></div></div></div><div class="category-section col-12 col-xl"><h4 class="category-title card-title">Category-Title-1</h4>
                                <div class="items-of-category striped-container d-flex flex-column gap-1"><div class="category-item striped-item p-2 px-3 d-flex flex-column gap-1"><div><a href="/portfolio-item-49" target="_blank" class="text-decoration-none">Portfolio-Item-Title-49</a></div><div class="small d-flex gap-2"><i class="bi bi-person-rolodex flex-shrink-0"></i><a href="/customer-49" target="_blank" class="text-decoration-none">Customer-Title-49</a></div><div class="small d-flex gap-2 fst-italic fw-light"><i class="bi bi-tools flex-shrink-0"></i>
                                                    <span>Information-Technology-Category-Title-49, Software-Development-Category-Title-49, Unknown-Technology-Category-Title-49</span></div></div></div></div><div class="category-section col-12 col-xl"><h4 class="category-title card-title">Category-Title-1</h4>
                                <div class="items-of-category striped-container d-flex flex-column gap-1"><div class="category-item striped-item p-2 px-3 d-flex flex-column gap-1"><div><a href="/portfolio-item-51" target="_blank" class="text-decoration-none">Portfolio-Item-Title-51</a></div><div class="small d-flex gap-2"><i class="bi bi-person-rolodex flex-shrink-0"></i><a href="/customer-51" target="_blank" class="text-decoration-none">Customer-Title-51</a></div><div class="small d-flex gap-2 fst-italic fw-light"><i class="bi bi-tools flex-shrink-0"></i>
                                                    <span>Information-Technology-Category-Title-51, Software-Development-Category-Title-51, Unknown-Technology-Category-Title-51</span></div></div></div></div><div class="category-section col-12 col-xl"><h4 class="category-title card-title">Category-Title-1</h4>
                                <div class="items-of-category striped-container d-flex flex-column gap-1"><div class="category-item striped-item p-2 px-3 d-flex flex-column gap-1"><div><a href="/portfolio-item-53" target="_blank" class="text-decoration-none">Portfolio-Item-Title-53</a></div><div class="small d-flex gap-2"><i class="bi bi-person-rolodex flex-shrink-0"></i><a href="/customer-53" target="_blank" class="text-decoration-none">Customer-Title-53</a></div><div class="small d-flex gap-2 fst-italic fw-light"><i class="bi bi-tools flex-shrink-0"></i>
                                                    <span>Information-Technology-Category-Title-53, Software-Development-Category-Title-53, Unknown-Technology-Category-Title-53</span></div></div></div></div><div class="category-section col-12 col-xl"><h4 class="category-title card-title">Category-Title-1</h4>
                                <div class="items-of-category striped-container d-flex flex-column gap-1"><div class="category-item striped-item p-2 px-3 d-flex flex-column gap-1"><div><a href="/portfolio-item-55" target="_blank" class="text-decoration-none">Portfolio-Item-Title-55</a></div><div class="small d-flex gap-2"><i class="bi bi-person-rolodex flex-shrink-0"></i><a href="/customer-55" target="_blank" class="text-decoration-none">Customer-Title-55</a></div><div class="small d-flex gap-2 fst-italic fw-light"><i class="bi bi-tools flex-shrink-0"></i>
                                                    <span>Information-Technology-Category-Title-55, Software-Development-Category-Title-55, Unknown-Technology-Category-Title-55</span></div></div></div></div><div class="category-section col-12 col-xl"><h4 class="category-title card-title">Category-Title-1</h4>
                                <div class="items-of-category striped-container d-flex flex-column gap-1"><div class="category-item striped-item p-2 px-3 d-flex flex-column gap-1"><div><a href="/portfolio-item-57" target="_blank" class="text-decoration-none">Portfolio-Item-Title-57</a></div><div class="small d-flex gap-2"><i class="bi bi-person-rolodex flex-shrink-0"></i><a href="/customer-57" target="_blank" class="text-decoration-none">Customer-Title-57</a></div><div class="small d-flex gap-2 fst-italic fw-light"><i class="bi bi-tools flex-shrink-0"></i>
                                                    <span>Information-Technology-Category-Title-57, Software-Development-Category-Title-57, Unknown-Technology-Category-Title-57</span></div></div></div></div><div class="category-section col-12 col-xl"><h4 class="category-title card-title">Category-Title-1</h4>
                                <div class="items-of-category striped-container d-flex flex-column gap-1"><div class="category-item striped-item p-2 px-3 d-flex flex-column gap-1"><div><a href="/portfolio-item-59" target="_blank" class="text-decoration-none">Portfolio-Item-Title-59</a></div><div class="small d-flex gap-2"><i class="bi bi-person-rolodex flex-shrink-0"></i><a href="/customer-59" target="_blank" class="text-decoration-none">Customer-Title-59</a></div><div class="small d-flex gap-2 fst-italic fw-light"><i class="bi bi-tools flex-shrink-0"></i>
                                                    <span>Information-Technology-Category-Title-59, Software-Development-Category-Title-59, Unknown-Technology-Category-Title-59</span></div></div></div></div><div class="category-section col-12 col-xl"><h4 class="category-title card-title">Category-Title-1</h4>
                                <div class="items-of-category striped-container d-flex flex-column gap-1"><div class="category-item striped-item p-2 px-3 d-flex flex-column gap-1"><div><a href="/portfolio-item-61" target="_blank" class="text-decoration-none">Portfolio-Item-Title-61</a></div><div class="small d-flex gap-2"><i class="bi bi-person-rolodex flex-shrink-0"></i><a href="/customer-61" target="_blank" class="text-decoration-none">Customer-Title-61</a></div><div class="small d-flex gap-2 fst-italic fw-light"><i class="bi bi-tools flex-shrink-0"></i>
                                                    <span>Information-Technology-Category-Title-61, Software-Development-Category-Title-61, Unknown-Technology-Category-Title-61</span></div></div></div></div><div class="category-section col-12 col-xl"><h4 class="category-title card-title">Category-Title-1</h4>
                                <div class="items-of-category striped-container d-flex flex-column gap-1"><div class="category-item striped-item p-2 px-3 d-flex flex-column gap-1"><div><a href="/portfolio-item-63" target="_blank" class="text-decoration-none">Portfolio-Item-Title-63</a></div><div class="small d-flex gap-2"><i class="bi bi-person-rolodex flex-shrink-0"></i><a href="/customer-63" target="_blank" class="text-decoration-none">Customer-Title-63</a></div><div class="small d-flex gap-2 fst-italic fw-light"><i class="bi bi-tools flex-shrink-0"></i>
                                                    <span>Information-Technology-Category-Title-63, Software-Development-Category-Title-63, Unknown-Technology-Category-Title-63</span></div></div></div></div><div class="category-section col-12 col-xl"><h4 class="category-title card-title">Category-Title-1</h4>
                                <div class="items-of-category striped-container d-flex flex-column gap-1"><div class="category-item striped-item p-2 px-3 d-flex flex-column gap-1"><div><a href="/portfolio-item-65" target="_blank" class="text-decoration-none">Portfolio-Item-Title-65</a></div><div class="small d-flex gap-2"><i class="bi bi-person-rolodex flex-shrink-0"></i><a href="/customer-65" target="_blank" class="text-decoration-none">Customer-Title-65</a></div><div class="small d-flex gap-2 fst-italic fw-light"><i class="bi bi-tools flex-shrink-0"></i>
                                                    <span>Information-Technology-Category-Title-65, Software-Development-Category-Title-65, Unknown-Technology-Category-Title-65</span></div></div></div></div><div class="category-section col-12 col-xl"><h4 class="category-title card-title">Category-Title-1</h4>
                                <div class="items-of-category striped-container d-flex flex-column gap-1"><div class="category-item striped-item p-2 px-3 d-flex flex-column gap-1"><div><a href="/portfolio-item-67" target="_blank" class="text-decoration-none">Portfolio-Item-Title-67</a></div><div class="small d-flex gap-2"><i class="bi bi-person-rolodex flex-shrink-0"></i><a href="/customer-67" target="_blank" class="text-decoration-none">Customer-Title-67</a></div><div class="small d-flex gap-2 fst-italic fw-light"><i class="bi bi-tools flex-shrink-0"></i>
                                                    <span>Information-Technology-Category-Title-67, Software-Development-Category-Title-67, Unknown-Technology-Category-Title-67</span></div></div></div></div><div class="category-section col-12 col-xl"><h4 class="category-title card-title">Category-Title-1</h4>
                                <div class="items-of-category striped-container d-flex flex-column gap-1"><div class="category-item striped-item p-2 px-3 d-flex flex-column gap-1"><div><a href="/portfolio-item-69" target="_blank" class="text-decoration-none">Portfolio-Item-Title-69</a></div><div class="small d-flex gap-2"><i class="bi bi-person-rolodex flex-shrink-0"></i><a href="/customer-69" target="_blank" class="text-decoration-none">Customer-Title-69</a></div><div class="small d-flex gap-2 fst-italic fw-light"><i class="bi bi-tools flex-shrink-0"></i>
                                                    <span>Information-Technology-Category-Title-69, Software-Development-Category-Title-69, Unknown-Technology-Category-Title-69</span></div></div></div></div><div class="category-section col-12 col-xl"><h4 class="category-title card-title">Category-Title-1</h4>
                                <div class="items-of-category striped-container d-flex flex-column gap-1"><div class="category-item striped-item p-2 px-3 d-flex flex-column gap-1"><div><a href="/portfolio-item-71" target="_blank" class="text-decoration-none">Portfolio-Item-Title-71</a></div><div class="small d-flex gap-2"><i class="bi bi-person-rolodex flex-shrink-0"></i><a href="/customer-71" target="_blank" class="text-decoration-none">Customer-Title-71</a></div><div class="small d-flex gap-2 fst-italic fw-light"><i class="bi bi-tools flex-shrink-0"></i>
                                                    <span>Information-Technology-Category-Title-71, Software-Development-Category-Title-71, Unknown-Technology-Category-Title-71</span></div></div></div></div><div class="category-section col-12 col-xl"><h4 class="category-title card-title">Category-Title-1</h4>
                                <div class="items-of-category striped-container d-flex flex-column gap-1"><div class="category-item striped-item p-2 px-3 d-flex flex-column gap-1"><div><a href="/portfolio-item-73" target="_blank" class="text-decoration-none">Portfolio-Item-Title-73</a></div><div class="small d-flex gap-2"><i class="bi bi-person-rolodex flex-shrink-0"></i><a href="/customer-73" target="_blank" class="text-decoration-none">Customer-Title-73</a></div><div class="small d-flex gap-2 fst-italic fw-light"><i class="bi bi-tools flex-shrink-0"></i>
                                                    <span>Information-Technology-Category-Title-73, Software-Development-Category-Title-73, Unknown-Technology-Category-Title-73</span></div></div></div></div><div class="category-section col-12 col-xl"><h4 class="category-title card-title">Category-Title-1</h4>
                                <div class="items-of-category striped-container d-flex flex-column gap-1"><div class="category-item striped-item p-2 px-3 d-flex flex-column gap-1"><div><a href="/portfolio-item-75" target="_blank" class="text-decoration-none">Portfolio-Item-Title-75</a></div><div class="small d-flex gap-2"><i class="bi bi-person-rolodex flex-shrink-0"></i><a href="/customer-75" target="_blank" class="text-decoration-none">Customer-Title-75</a></div><div class="small d-flex gap-2 fst-italic fw-light"><i class="bi bi-tools flex-shrink-0"></i>
                                                    <span>Information-Technology-Category-Title-75, Software-Development-Category-Title-75, Unknown-Technology-Category-Title-75</span></div></div></div></div><div class="category-section col-12 col-xl"><h4 class="category-title card-title">Category-Title-1</h4>
                                <div class="items-of-category striped-container d-flex flex-column gap-1"><div class="category-item striped-item p-2 px-3 d-flex flex-column gap-1"><div><a href="/portfolio-item-77" target="_blank" class="text-decoration-none">Portfolio-Item-Title-77</a></div><div class="small d-flex gap-2"><i class="bi bi-person-rolodex flex-shrink-0"></i><a href="/customer-77" target="_blank" class="text-decoration-none">Customer-Title-77</a></div><div class="small d-flex gap-2 fst-italic fw-light"><i class="bi bi-tools flex-shrink-0"></i>
                                                    <span>Information-Technology-Category-Title-77, Software-Development-Category-Title-77, Unknown-Technology-Category-Title-77</span></div></div></div></div><div class="category-section col-12 col-xl"><h4 class="category-title card-title">Category-Title-1</h4>
                                <div class="items-of-category striped-container d-flex flex-column gap-1"><div class="category-item striped-item p-2 px-3 d-flex flex-column gap-1"><div><a href="/portfolio-item-79" target="_blank" class="text-decoration-none">Portfolio-Item-Title-79</a></div><div class="small d-flex gap-2"><i class="bi bi-person-rolodex flex-shrink-0"></i><a href="/customer-79" target="_blank" class="text-decoration-none">Customer-Title-79</a></div><div class="small d-flex gap-2 fst-italic fw-light"><i class="bi bi-tools flex-shrink-0"></i>
                                                    <span>Information-Technology-Category-Title-79, Software-Development-Category-Title-79, Unknown-Technology-Category-Title-79</span></div></div></div></div><div class="category-section col-12 col-xl"><h4 class="category-title card-title">Category-Title-1</h4>
                                <div class="items-of-category striped-container d-flex flex-column gap-1"><div class="category-item striped-item p-2 px-3 d-flex flex-column gap-1"><div><a href="/portfolio-item-81" target="_blank" class="text-decoration-none">Portfolio-Item-Title-81</a></div><div class="small d-flex gap-2"><i class="bi bi-person-rolodex flex-shrink-0"></i><a href="/customer-81" target="_blank" class="text-decoration-none">Customer-Title-81</a></div><div class="small d-flex gap-2 fst-italic fw-light"><i class="bi bi-tools flex-shrink-0"></i>
                                                    <span>Information-Technology-Category-Title-81, Software-Development-Category-Title-81, Unknown-Technology-Category-Title-81</span></div></div></div></div><div class="category-section col-12 col-xl"><h4 class="category-title card-title">Category-Title-1</h4>
                                <div class="items-of-category striped-container d-flex flex-column gap-1"><div class="category-item striped-item p-2 px-3 d-flex flex-column gap-1"><div><a href="/portfolio-item-83" target="_blank" class="text-decoration-none">Portfolio-Item-Title-83</a></div><div class="small d-flex gap-2"><i class="bi bi-person-rolodex flex-shrink-0"></i><a href="/customer-83" target="_blank" class="text-decoration-none">Customer-Title-83</a></div><div class="small d-flex gap-2 fst-italic fw-light"><i class="bi bi-tools flex-shrink-0"></i>
                                                    <span>Information-Technology-Category-Title-83, Software-Development-Category-Title-83, Unknown-Technology-Category-Title-83</span></div></div></div></div><div class="category-section col-12 col-xl"><h4 class="category-title card-title">Category-Title-1</h4>
                                <div class="items-of-category striped-container d-flex flex-column gap-1"><div class="category-item striped-item p-2 px-3 d-flex flex-column gap-1"><div><a href="/portfolio-item-85" target="_blank" class="text-decoration-none">Portfolio-Item-Title-85</a></div><div class="small d-flex gap-2"><i class="bi bi-person-rolodex flex-shrink-0"></i><a href="/customer-85" target="_blank" class="text-decoration-none">Customer-Title-85</a></div><div class="small d-flex gap-2 fst-italic fw-light"><i class="bi bi-tools flex-shrink-0"></i>
                                                    <span>Information-Technology-Category-Title-85, Software-Development-Category-Title-85, Unknown-Technology-Category-Title-85</span></div></div></div></div><div class="category-section col-12 col-xl"><h4 class="category-title card-title">Category-Title-1</h4>
                                <div class="items-of-category striped-container d-flex flex-column gap-1"><div class="category-item striped-item p-2 px-3 d-flex flex-column gap-1"><div><a href="/portfolio-item-87" target="_blank" class="text-decoration-none">Portfolio-Item-Title-87</a></div><div class="small d-flex gap-2"><i class="bi bi-person-rolodex flex-shrink-0"></i><a href="/customer-87" target="_blank" class="text-decoration-none">Customer-Title-87</a></div><div class="small d-flex gap-2 fst-italic fw-light"><i class="bi bi-tools flex-shrink-0"></i>
                                                    <span>Information-Technology-Category-Title-87, Software-Development-Category-Title-87, Unknown-Technology-Category-Title-87</span></div></div></div></div><div class="category-section col-12 col-xl"><h4 class="category-title card-title">Category-Title-1</h4>
                                <div class="items-of-category striped-container d-flex flex-column gap-1"><div class="category-item striped-item p-2 px-3 d-flex flex-column gap-1"><div><a href="/portfolio-item-89" target="_blank" class="text-decoration-none">Portfolio-Item-Title-89</a></div><div class="small d-flex gap-2"><i class="bi bi-person-rolodex flex-shrink-0"></i><a href="/customer-89" target="_blank" class="text-decoration-none">Customer-Title-89</a></div><div class="small d-flex gap-2 fst-italic fw-light"><i class="bi bi-tools flex-shrink-0"></i>
                                                    <span>Information-Technology-Category-Title-89, Software-Development-Category-Title-89, Unknown-Technology-Category-Title-89</span></div></div></div></div><div class="category-section col-12 col-xl"><h4 class="category-title card-title">Category-Title-1</h4>
                                <div class="items-of-category striped-container d-flex flex-column gap-1"><div class="category-item striped-item p-2 px-3 d-flex flex-column gap-1"><div><a href="/portfolio-item-91" target="_blank" class="text-decoration-none">Portfolio-Item-Title-91</a></div><div class="small d-flex gap-2"><i class="bi bi-person-rolodex flex-shrink-0"></i><a href="/customer-91" target="_blank" class="text-decoration-none">Customer-Title-91</a></div><div class="small d-flex gap-2 fst-italic fw-light"><i class="bi bi-tools flex-shrink-0"></i>
                                                    <span>Information-Technology-Category-Title-91, Software-Development-Category-Title-91, Unknown-Technology-Category-Title-91</span></div></div></div></div><div class="category-section col-12 col-xl"><h4 class="category-title card-title">Category-Title-1</h4>
                                <div class="items-of-category striped-container d-flex flex-column gap-1"><div class="category-item striped-item p-2 px-3 d-flex flex-column gap-1"><div><a href="/portfolio-item-93" target="_blank" class="text-decoration-none">Portfolio-Item-Title-93</a></div><div class="small d-flex gap-2"><i class="bi bi-person-rolodex flex-shrink-0"></i><a href="/customer-93" target="_blank" class="text-decoration-none">Customer-Title-93</a></div><div class="small d-flex gap-2 fst-italic fw-light"><i class="bi bi-tools flex-shrink-0"></i>
                                                    <span>Information-Technology-Category-Title-93, Software-Development-Category-Title-93, Unknown-Technology-Category-Title-93</span></div></div></div></div><div class="category-section col-12 col-xl"><h4 class="category-title card-title">Category-Title-1</h4>
                                <div class="items-of-category striped-container d-flex flex-column gap-1"><div class="category-item striped-item p-2 px-3 d-flex flex-column gap-1"><div><a href="/portfolio-item-95" target="_blank" class="text-decoration-none">Portfolio-Item-Title-95</a></div><div class="small d-flex gap-2"><i class="bi bi-person-rolodex flex-shrink-0"></i><a href="/customer-95" target="_blank" class="text-decoration-none">Customer-Title-95</a></div><div class="small d-flex gap-2 fst-italic fw-light"><i class="bi bi-tools flex-shrink-0"></i>
                                                    <span>Information-Technology-Category-Title-95, Software-Development-Category-Title-95, Unknown-Technology-Category-Title-95</span></div></div></div></div><div class="category-section col-12 col-xl"><h4 class="category-title card-title">Category-Title-1</h4>
                                <div class="items-of-category striped-container d-flex flex-column gap-1"><div class="category-item striped-item p-2 px-3 d-flex flex-column gap-1"><div><a href="/portfolio-item-97" target="_blank" class="text-decoration-none">Portfolio-Item-Title-97</a></div><div class="small d-flex gap-2"><i class="bi bi-person-rolodex flex-shrink-0"></i><a href="/customer-97" target="_blank" class="text-decoration-none">Customer-Title-97</a></div><div class="small d-flex gap-2 fst-italic fw-light"><i class="bi bi-tools flex-shrink-0"></i>
                                                    <span>Information-Technology-Category-Title-97, Software-Development-Category-Title-97, Unknown-Technology-Category-Title-97</span></div></div></div></div><div class="category-section col-12 col-xl"><h4 class="category-title card-title">Category-Title-1</h4>
                                <div class="items-of-category striped-container d-flex flex-column gap-1"><div class="category-item striped-item p-2 px-3 d-flex flex-column gap-1"><div><a href="/portfolio-item-99" target="_blank" class="text-decoration-none">Portfolio-Item-Title-99</a></div><div class="small d-flex gap-2"><i class="bi bi-person-rolodex flex-shrink-0"></i><a href="/customer-99" target="_blank" class="text-decoration-none">Customer-Title-99</a></div><div class="small d-flex gap-2 fst-italic fw-light"><i class="bi bi-tools flex-shrink-0"></i>
                                                    <span>Information-Technology-Category-Title-99, Software-Development-Category-Title-99, Unknown-Technology-Category-Title-99</span></div></div></div></div></div></div></div></div>
