[
  {
    "Title": "Title",
    "Id": "c9f5879d-4018-49a0-9b71-b479dd5de7ff",
    "CreatedAt": "2024-01-01T00:00:00+00:00",
    "UpdatedAt": null,
    "Version": 1
  },
  {
    "Title": "Title",
    "Id": "38e483e4-6961-4b25-88a9-d1d0a5161109",
    "CreatedAt": "2024-01-01T00:00:00+00:00",
    "UpdatedAt": null,
    "Version": 1
  },
  {
    "Href": "/test",
    "Title": "Title",
    "Id": "ca832bf9-b7cb-4c31-bf8d-00f87a276fe3",
    "CreatedAt": "2024-01-01T00:00:00+00:00",
    "UpdatedAt": null,
    "Version": 1
  }
]
