{
  "data": {
    "portfolioCategories": {
      "items": [
        {
          "createdAt": "2024-01-01T00:00:00.000Z",
          "href": "/test",
          "id": "00000000-0000-0000-0000-000000000000",
          "title": "Title",
          "updatedAt": null,
          "version": 1,
          "portfolioItems": {
            "pageInfo": {
              "hasNextPage": false,
              "hasPreviousPage": false
            },
            "items": [
              {
                "createdAt": "2024-01-01T00:00:00.000Z",
                "href": "/test",
                "id": "00000000-0000-0000-0000-000000000000",
                "ordinal": 0,
                "title": "Title",
                "updatedAt": null,
                "version": 1,
                "year": 0
              }
            ]
          }
        }
      ],
      "pageInfo": {
        "hasNextPage": false,
        "hasPreviousPage": false
      }
    }
  }
}
