{
  "data": {
    "categories": {
      "totalCount": 6,
      "items": [
        {
          "__typename": "UnknownCategory",
          "createdAt": "2024-01-01T00:00:00.000Z",
          "id": "c9f5879d-4018-49a0-9b71-b479dd5de7ff",
          "title": "Title",
          "updatedAt": null,
          "version": 1
        },
        {
          "__typename": "PortfolioCategory",
          "createdAt": "2024-01-01T00:00:00.000Z",
          "id": "38e483e4-6961-4b25-88a9-d1d0a5161109",
          "title": "Title",
          "updatedAt": null,
          "version": 1,
          "customers": {
            "totalCount": 1
          },
          "portfolioItems": {
            "totalCount": 1
          },
          "technologyCategories": {
            "totalCount": 1
          }
        },
        {
          "__typename": "ResumeCategory",
          "createdAt": "2024-01-01T00:00:00.000Z",
          "id": "eb9d6258-99c4-46bd-bd44-23d35b19965d",
          "title": "Title",
          "updatedAt": null,
          "version": 1,
          "associatedCategoryTypes": [
            "SOFTWARE_DEVELOPMENT"
          ],
          "associatedCategories": {
            "totalCount": 1
          },
          "educationItems": {
            "totalCount": 1
          }
        },
        {
          "__typename": "SoftwareDevelopmentCategory",
          "createdAt": "2024-01-01T00:00:00.000Z",
          "id": "ca832bf9-b7cb-4c31-bf8d-00f87a276fe3",
          "title": "Title",
          "updatedAt": null,
          "version": 1,
          "href": "/test",
          "portfolioCategories": {
            "totalCount": 1
          },
          "portfolioCustomers": {
            "totalCount": 1
          },
          "portfolioItems": {
            "totalCount": 1
          }
        },
        {
          "__typename": "InformationTechnologyCategory",
          "createdAt": "2024-01-01T00:00:00.000Z",
          "id": "6cc43e9a-312b-4923-b890-e966b8168eee",
          "title": "Title",
          "updatedAt": null,
          "version": 1,
          "href": "/test",
          "portfolioCategories": {
            "totalCount": 0
          },
          "portfolioCustomers": {
            "totalCount": 0
          },
          "portfolioItems": {
            "totalCount": 0
          }
        },
        {
          "__typename": "OtherCategory",
          "createdAt": "2024-01-01T00:00:00.000Z",
          "id": "9fd91f8a-2a44-4520-a5b1-8aa1c3c29133",
          "title": "Title",
          "updatedAt": null,
          "version": 1
        }
      ]
    }
  }
}
