{
  "data": {
    "categoryById": {
      "associatedCategoryTypes": [],
      "createdAt": "2024-01-01T00:00:00.000Z",
      "href": null,
      "id": "Q2F0ZWdvcnkKZ2M5ZjU4NzlkNDAxODQ5YTA5YjcxYjQ3OWRkNWRlN2Zm",
      "internalId": "c9f5879d-4018-49a0-9b71-b479dd5de7ff",
      "kind": "NONE",
      "title": "Title",
      "updatedAt": null,
      "version": 1
    }
  }
}
