{
  "data": {
    "contactItemById": {
      "createdAt": "2024-01-01T00:00:00.000Z",
      "description": "Content",
      "href": "/test",
      "icon": "Icon",
      "id": "Q29udGFjdEl0ZW06qCTy6/N/uUeIK91B7H9aBQ==",
      "internalId": "ebf224a8-7ff3-47b9-882b-dd41ec7f5a05",
      "key": "Key",
      "title": "Title",
      "updatedAt": null,
      "version": 1
    }
  }
}
