{
  "data": {
    "informationTechnologyCategoryById": {
      "createdAt": "2024-01-01T00:00:00.000Z",
      "href": "/test",
      "id": "SW5mb3JtYXRpb25UZWNobm9sb2d5Q2F0ZWdvcnk6mj7EbCsxI0m4kOlmuBaO7g==",
      "internalId": "6cc43e9a-312b-4923-b890-e966b8168eee",
      "title": "Title",
      "updatedAt": null,
      "version": 1
    }
  }
}
