{
  "data": {
    "languages": {
      "totalCount": 1,
      "nodes": [
        {
          "createdAt": "2024-01-01T00:00:00.000Z",
          "id": "TGFuZ3VhZ2U6m76jAgQ/SkuJRehP71N7WA==",
          "internalId": "02a3be9b-3f04-4b4a-8945-e84fef537b58",
          "proficiency": "NATIVE",
          "title": "Title",
          "updatedAt": null,
          "version": 1
        }
      ]
    }
  }
}
