{
  "data": {
    "otherCategoryById": {
      "createdAt": "2024-01-01T00:00:00.000Z",
      "id": "T3RoZXJDYXRlZ29yeQpnOWZkOTFmOGEyYTQ0NDUyMGE1YjE4YWExYzNjMjkxMzM=",
      "internalId": "9fd91f8a-2a44-4520-a5b1-8aa1c3c29133",
      "title": "Title",
      "updatedAt": null,
      "version": 1
    }
  }
}
